2026-07-08 08:23:20,024 ERROR frappe Could not take error snapshot: 'NoneType' object has no attribute 'get'
Site: frontend
Form Dict: {}
Traceback (most recent call last):
  File "/workspace/frappe-bench/apps/frappe/frappe/app.py", line 102, in application
    init_request(request)
    ~~~~~~~~~~~~^^^^^^^^^
  File "/workspace/frappe-bench/apps/frappe/frappe/app.py", line 184, in init_request
    frappe.init(site, sites_path=_sites_path, force=True)
    ~~~~~~~~~~~^^^^^^^^^^^^^^^^^^^^^^^^^^^^^^^^^^^^^^^^^^
  File "/workspace/frappe-bench/apps/frappe/frappe/__init__.py", line 211, in init
    setup_module_map(include_all_apps=not (frappe.request or frappe.job or frappe.flags.in_migrate))
    ~~~~~~~~~~~~~~~~^^^^^^^^^^^^^^^^^^^^^^^^^^^^^^^^^^^^^^^^^^^^^^^^^^^^^^^^^^^^^^^^^^^^^^^^^^^^^^^^
  File "/workspace/frappe-bench/apps/frappe/frappe/__init__.py", line 1044, in setup_module_map
    for module in get_module_list(app):
                  ~~~~~~~~~~~~~~~^^^^^
  File "/workspace/frappe-bench/apps/frappe/frappe/__init__.py", line 885, in get_module_list
    return get_file_items(get_app_path(app_name, "modules.txt"))
                          ~~~~~~~~~~~~^^^^^^^^^^^^^^^^^^^^^^^^^
  File "/workspace/frappe-bench/apps/frappe/frappe/__init__.py", line 850, in get_app_path
    return get_pymodule_path(app_name, *joins)
  File "/workspace/frappe-bench/apps/frappe/frappe/__init__.py", line 880, in get_pymodule_path
    return abspath(join(dirname(get_module(scrub(modulename)).__file__ or ""), *joins))
                                ~~~~~~~~~~^^^^^^^^^^^^^^^^^^^
  File "/workspace/frappe-bench/apps/frappe/frappe/__init__.py", line 821, in get_module
    return importlib.import_module(modulename)
           ~~~~~~~~~~~~~~~~~~~~~~~^^^^^^^^^^^^
  File "/home/frappe/.pyenv/versions/3.14.2/lib/python3.14/importlib/__init__.py", line 88, in import_module
    return _bootstrap._gcd_import(name[level:], package, level)
           ~~~~~~~~~~~~~~~~~~~~~~^^^^^^^^^^^^^^^^^^^^^^^^^^^^^^
  File "<frozen importlib._bootstrap>", line 1398, in _gcd_import
  File "<frozen importlib._bootstrap>", line 1371, in _find_and_load
  File "<frozen importlib._bootstrap>", line 1335, in _find_and_load_unlocked
ModuleNotFoundError: No module named 'hrms_saas'

During handling of the above exception, another exception occurred:

Traceback (most recent call last):
  File "/workspace/frappe-bench/apps/frappe/frappe/utils/error.py", line 125, in log_error_snapshot
    log_error(title=str(exception), defer_insert=True)
    ~~~~~~~~~^^^^^^^^^^^^^^^^^^^^^^^^^^^^^^^^^^^^^^^^^
  File "/workspace/frappe-bench/apps/frappe/frappe/utils/error.py", line 64, in log_error
    error_log = frappe.get_doc(
    	doctype="Error Log",
    ...<5 lines>...
    	metadata=metadata,
    )
  File "/workspace/frappe-bench/apps/frappe/frappe/model/utils/__init__.py", line 224, in wrapper
    return func(*args, **kw)
  File "/workspace/frappe-bench/apps/frappe/frappe/model/document.py", line 130, in get_doc
    return get_doc_from_dict(kwargs)
  File "/workspace/frappe-bench/apps/frappe/frappe/model/document.py", line 159, in get_doc_from_dict
    if controller := get_controller(data["doctype"]):
                     ~~~~~~~~~~~~~~^^^^^^^^^^^^^^^^^
  File "/workspace/frappe-bench/apps/frappe/frappe/model/base_document.py", line 92, in get_controller
    site_controllers[doctype] = import_controller(doctype)
                                ~~~~~~~~~~~~~~~~~^^^^^^^^^
  File "/workspace/frappe-bench/apps/frappe/frappe/model/base_document.py", line 112, in import_controller
    module = load_doctype_module(doctype, module_name)
  File "/workspace/frappe-bench/apps/frappe/frappe/modules/utils.py", line 298, in load_doctype_module
    app = get_module_app(module)
  File "/workspace/frappe-bench/apps/frappe/frappe/modules/utils.py", line 321, in get_module_app
    app = frappe.local.module_app.get(scrub(module))
          ^^^^^^^^^^^^^^^^^^^^^^^^^^^
AttributeError: 'NoneType' object has no attribute 'get'
2026-07-08 08:23:23,555 ERROR frappe Unable to load translations
Site: frontend
Form Dict: {}
Traceback (most recent call last):
  File "/workspace/frappe-bench/apps/frappe/frappe/app.py", line 102, in application
    init_request(request)
    ~~~~~~~~~~~~^^^^^^^^^
  File "/workspace/frappe-bench/apps/frappe/frappe/app.py", line 184, in init_request
    frappe.init(site, sites_path=_sites_path, force=True)
    ~~~~~~~~~~~^^^^^^^^^^^^^^^^^^^^^^^^^^^^^^^^^^^^^^^^^^
  File "/workspace/frappe-bench/apps/frappe/frappe/__init__.py", line 211, in init
    setup_module_map(include_all_apps=not (frappe.request or frappe.job or frappe.flags.in_migrate))
    ~~~~~~~~~~~~~~~~^^^^^^^^^^^^^^^^^^^^^^^^^^^^^^^^^^^^^^^^^^^^^^^^^^^^^^^^^^^^^^^^^^^^^^^^^^^^^^^^
  File "/workspace/frappe-bench/apps/frappe/frappe/__init__.py", line 1044, in setup_module_map
    for module in get_module_list(app):
                  ~~~~~~~~~~~~~~~^^^^^
  File "/workspace/frappe-bench/apps/frappe/frappe/__init__.py", line 885, in get_module_list
    return get_file_items(get_app_path(app_name, "modules.txt"))
                          ~~~~~~~~~~~~^^^^^^^^^^^^^^^^^^^^^^^^^
  File "/workspace/frappe-bench/apps/frappe/frappe/__init__.py", line 850, in get_app_path
    return get_pymodule_path(app_name, *joins)
  File "/workspace/frappe-bench/apps/frappe/frappe/__init__.py", line 880, in get_pymodule_path
    return abspath(join(dirname(get_module(scrub(modulename)).__file__ or ""), *joins))
                                ~~~~~~~~~~^^^^^^^^^^^^^^^^^^^
  File "/workspace/frappe-bench/apps/frappe/frappe/__init__.py", line 821, in get_module
    return importlib.import_module(modulename)
           ~~~~~~~~~~~~~~~~~~~~~~~^^^^^^^^^^^^
  File "/home/frappe/.pyenv/versions/3.14.2/lib/python3.14/importlib/__init__.py", line 88, in import_module
    return _bootstrap._gcd_import(name[level:], package, level)
           ~~~~~~~~~~~~~~~~~~~~~~^^^^^^^^^^^^^^^^^^^^^^^^^^^^^^
  File "<frozen importlib._bootstrap>", line 1398, in _gcd_import
  File "<frozen importlib._bootstrap>", line 1371, in _find_and_load
  File "<frozen importlib._bootstrap>", line 1335, in _find_and_load_unlocked
ModuleNotFoundError: No module named 'hrms_saas'

During handling of the above exception, another exception occurred:

Traceback (most recent call last):
  File "/workspace/frappe-bench/apps/frappe/frappe/translate.py", line 164, in get_all_translations
    return frappe.cache.hget(MERGED_TRANSLATION_KEY, lang, generator=_merge_translations)
           ~~~~~~~~~~~~~~~~~^^^^^^^^^^^^^^^^^^^^^^^^^^^^^^^^^^^^^^^^^^^^^^^^^^^^^^^^^^^^^
  File "/workspace/frappe-bench/apps/frappe/frappe/utils/redis_wrapper.py", line 256, in hget
    value = generator()
  File "/workspace/frappe-bench/apps/frappe/frappe/translate.py", line 152, in _merge_translations
    all_translations.update(get_translations_from_apps(lang))
                            ~~~~~~~~~~~~~~~~~~~~~~~~~~^^^^^^
  File "/workspace/frappe-bench/apps/frappe/frappe/translate.py", line 180, in get_translations_from_apps
    translations.update(get_translations_from_csv(lang, app) or {})
                        ~~~~~~~~~~~~~~~~~~~~~~~~~^^^^^^^^^^^
  File "/workspace/frappe-bench/apps/frappe/frappe/translate.py", line 192, in get_translations_from_csv
    os.path.join(frappe.get_app_path(app, "translations"), lang + ".csv"), lang, app
                 ~~~~~~~~~~~~~~~~~~~^^^^^^^^^^^^^^^^^^^^^
  File "/workspace/frappe-bench/apps/frappe/frappe/__init__.py", line 850, in get_app_path
    return get_pymodule_path(app_name, *joins)
  File "/workspace/frappe-bench/apps/frappe/frappe/__init__.py", line 880, in get_pymodule_path
    return abspath(join(dirname(get_module(scrub(modulename)).__file__ or ""), *joins))
                                ~~~~~~~~~~^^^^^^^^^^^^^^^^^^^
  File "/workspace/frappe-bench/apps/frappe/frappe/__init__.py", line 821, in get_module
    return importlib.import_module(modulename)
           ~~~~~~~~~~~~~~~~~~~~~~~^^^^^^^^^^^^
  File "/home/frappe/.pyenv/versions/3.14.2/lib/python3.14/importlib/__init__.py", line 88, in import_module
    return _bootstrap._gcd_import(name[level:], package, level)
           ~~~~~~~~~~~~~~~~~~~~~~^^^^^^^^^^^^^^^^^^^^^^^^^^^^^^
  File "<frozen importlib._bootstrap>", line 1398, in _gcd_import
  File "<frozen importlib._bootstrap>", line 1371, in _find_and_load
  File "<frozen importlib._bootstrap>", line 1335, in _find_and_load_unlocked
ModuleNotFoundError: No module named 'hrms_saas'
2026-07-08 08:23:23,559 ERROR frappe Unable to load translations
Site: frontend
Form Dict: {}
Traceback (most recent call last):
  File "/workspace/frappe-bench/apps/frappe/frappe/app.py", line 102, in application
    init_request(request)
    ~~~~~~~~~~~~^^^^^^^^^
  File "/workspace/frappe-bench/apps/frappe/frappe/app.py", line 184, in init_request
    frappe.init(site, sites_path=_sites_path, force=True)
    ~~~~~~~~~~~^^^^^^^^^^^^^^^^^^^^^^^^^^^^^^^^^^^^^^^^^^
  File "/workspace/frappe-bench/apps/frappe/frappe/__init__.py", line 211, in init
    setup_module_map(include_all_apps=not (frappe.request or frappe.job or frappe.flags.in_migrate))
    ~~~~~~~~~~~~~~~~^^^^^^^^^^^^^^^^^^^^^^^^^^^^^^^^^^^^^^^^^^^^^^^^^^^^^^^^^^^^^^^^^^^^^^^^^^^^^^^^
  File "/workspace/frappe-bench/apps/frappe/frappe/__init__.py", line 1044, in setup_module_map
    for module in get_module_list(app):
                  ~~~~~~~~~~~~~~~^^^^^
  File "/workspace/frappe-bench/apps/frappe/frappe/__init__.py", line 885, in get_module_list
    return get_file_items(get_app_path(app_name, "modules.txt"))
                          ~~~~~~~~~~~~^^^^^^^^^^^^^^^^^^^^^^^^^
  File "/workspace/frappe-bench/apps/frappe/frappe/__init__.py", line 850, in get_app_path
    return get_pymodule_path(app_name, *joins)
  File "/workspace/frappe-bench/apps/frappe/frappe/__init__.py", line 880, in get_pymodule_path
    return abspath(join(dirname(get_module(scrub(modulename)).__file__ or ""), *joins))
                                ~~~~~~~~~~^^^^^^^^^^^^^^^^^^^
  File "/workspace/frappe-bench/apps/frappe/frappe/__init__.py", line 821, in get_module
    return importlib.import_module(modulename)
           ~~~~~~~~~~~~~~~~~~~~~~~^^^^^^^^^^^^
  File "/home/frappe/.pyenv/versions/3.14.2/lib/python3.14/importlib/__init__.py", line 88, in import_module
    return _bootstrap._gcd_import(name[level:], package, level)
           ~~~~~~~~~~~~~~~~~~~~~~^^^^^^^^^^^^^^^^^^^^^^^^^^^^^^
  File "<frozen importlib._bootstrap>", line 1398, in _gcd_import
  File "<frozen importlib._bootstrap>", line 1371, in _find_and_load
  File "<frozen importlib._bootstrap>", line 1335, in _find_and_load_unlocked
ModuleNotFoundError: No module named 'hrms_saas'

During handling of the above exception, another exception occurred:

Traceback (most recent call last):
  File "/workspace/frappe-bench/apps/frappe/frappe/translate.py", line 164, in get_all_translations
    return frappe.cache.hget(MERGED_TRANSLATION_KEY, lang, generator=_merge_translations)
           ~~~~~~~~~~~~~~~~~^^^^^^^^^^^^^^^^^^^^^^^^^^^^^^^^^^^^^^^^^^^^^^^^^^^^^^^^^^^^^
  File "/workspace/frappe-bench/apps/frappe/frappe/utils/redis_wrapper.py", line 256, in hget
    value = generator()
  File "/workspace/frappe-bench/apps/frappe/frappe/translate.py", line 152, in _merge_translations
    all_translations.update(get_translations_from_apps(lang))
                            ~~~~~~~~~~~~~~~~~~~~~~~~~~^^^^^^
  File "/workspace/frappe-bench/apps/frappe/frappe/translate.py", line 180, in get_translations_from_apps
    translations.update(get_translations_from_csv(lang, app) or {})
                        ~~~~~~~~~~~~~~~~~~~~~~~~~^^^^^^^^^^^
  File "/workspace/frappe-bench/apps/frappe/frappe/translate.py", line 192, in get_translations_from_csv
    os.path.join(frappe.get_app_path(app, "translations"), lang + ".csv"), lang, app
                 ~~~~~~~~~~~~~~~~~~~^^^^^^^^^^^^^^^^^^^^^
  File "/workspace/frappe-bench/apps/frappe/frappe/__init__.py", line 850, in get_app_path
    return get_pymodule_path(app_name, *joins)
  File "/workspace/frappe-bench/apps/frappe/frappe/__init__.py", line 880, in get_pymodule_path
    return abspath(join(dirname(get_module(scrub(modulename)).__file__ or ""), *joins))
                                ~~~~~~~~~~^^^^^^^^^^^^^^^^^^^
  File "/workspace/frappe-bench/apps/frappe/frappe/__init__.py", line 821, in get_module
    return importlib.import_module(modulename)
           ~~~~~~~~~~~~~~~~~~~~~~~^^^^^^^^^^^^
  File "/home/frappe/.pyenv/versions/3.14.2/lib/python3.14/importlib/__init__.py", line 88, in import_module
    return _bootstrap._gcd_import(name[level:], package, level)
           ~~~~~~~~~~~~~~~~~~~~~~^^^^^^^^^^^^^^^^^^^^^^^^^^^^^^
  File "<frozen importlib._bootstrap>", line 1398, in _gcd_import
  File "<frozen importlib._bootstrap>", line 1371, in _find_and_load
  File "<frozen importlib._bootstrap>", line 1335, in _find_and_load_unlocked
ModuleNotFoundError: No module named 'hrms_saas'
2026-07-08 08:28:07,708 ERROR frappe Unable to load translations
Site: frontend
Form Dict: {}
Traceback (most recent call last):
  File "/workspace/frappe-bench/apps/frappe/frappe/app.py", line 102, in application
    init_request(request)
    ~~~~~~~~~~~~^^^^^^^^^
  File "/workspace/frappe-bench/apps/frappe/frappe/app.py", line 184, in init_request
    frappe.init(site, sites_path=_sites_path, force=True)
    ~~~~~~~~~~~^^^^^^^^^^^^^^^^^^^^^^^^^^^^^^^^^^^^^^^^^^
  File "/workspace/frappe-bench/apps/frappe/frappe/__init__.py", line 211, in init
    setup_module_map(include_all_apps=not (frappe.request or frappe.job or frappe.flags.in_migrate))
    ~~~~~~~~~~~~~~~~^^^^^^^^^^^^^^^^^^^^^^^^^^^^^^^^^^^^^^^^^^^^^^^^^^^^^^^^^^^^^^^^^^^^^^^^^^^^^^^^
  File "/workspace/frappe-bench/apps/frappe/frappe/__init__.py", line 1044, in setup_module_map
    for module in get_module_list(app):
                  ~~~~~~~~~~~~~~~^^^^^
  File "/workspace/frappe-bench/apps/frappe/frappe/__init__.py", line 885, in get_module_list
    return get_file_items(get_app_path(app_name, "modules.txt"))
                          ~~~~~~~~~~~~^^^^^^^^^^^^^^^^^^^^^^^^^
  File "/workspace/frappe-bench/apps/frappe/frappe/__init__.py", line 850, in get_app_path
    return get_pymodule_path(app_name, *joins)
  File "/workspace/frappe-bench/apps/frappe/frappe/__init__.py", line 880, in get_pymodule_path
    return abspath(join(dirname(get_module(scrub(modulename)).__file__ or ""), *joins))
                                ~~~~~~~~~~^^^^^^^^^^^^^^^^^^^
  File "/workspace/frappe-bench/apps/frappe/frappe/__init__.py", line 821, in get_module
    return importlib.import_module(modulename)
           ~~~~~~~~~~~~~~~~~~~~~~~^^^^^^^^^^^^
  File "/home/frappe/.pyenv/versions/3.14.2/lib/python3.14/importlib/__init__.py", line 88, in import_module
    return _bootstrap._gcd_import(name[level:], package, level)
           ~~~~~~~~~~~~~~~~~~~~~~^^^^^^^^^^^^^^^^^^^^^^^^^^^^^^
  File "<frozen importlib._bootstrap>", line 1398, in _gcd_import
  File "<frozen importlib._bootstrap>", line 1371, in _find_and_load
  File "<frozen importlib._bootstrap>", line 1335, in _find_and_load_unlocked
ModuleNotFoundError: No module named 'hrms_saas'

During handling of the above exception, another exception occurred:

Traceback (most recent call last):
  File "/workspace/frappe-bench/apps/frappe/frappe/translate.py", line 164, in get_all_translations
    return frappe.cache.hget(MERGED_TRANSLATION_KEY, lang, generator=_merge_translations)
           ~~~~~~~~~~~~~~~~~^^^^^^^^^^^^^^^^^^^^^^^^^^^^^^^^^^^^^^^^^^^^^^^^^^^^^^^^^^^^^
  File "/workspace/frappe-bench/apps/frappe/frappe/utils/redis_wrapper.py", line 256, in hget
    value = generator()
  File "/workspace/frappe-bench/apps/frappe/frappe/translate.py", line 152, in _merge_translations
    all_translations.update(get_translations_from_apps(lang))
                            ~~~~~~~~~~~~~~~~~~~~~~~~~~^^^^^^
  File "/workspace/frappe-bench/apps/frappe/frappe/translate.py", line 180, in get_translations_from_apps
    translations.update(get_translations_from_csv(lang, app) or {})
                        ~~~~~~~~~~~~~~~~~~~~~~~~~^^^^^^^^^^^
  File "/workspace/frappe-bench/apps/frappe/frappe/translate.py", line 192, in get_translations_from_csv
    os.path.join(frappe.get_app_path(app, "translations"), lang + ".csv"), lang, app
                 ~~~~~~~~~~~~~~~~~~~^^^^^^^^^^^^^^^^^^^^^
  File "/workspace/frappe-bench/apps/frappe/frappe/__init__.py", line 850, in get_app_path
    return get_pymodule_path(app_name, *joins)
  File "/workspace/frappe-bench/apps/frappe/frappe/__init__.py", line 880, in get_pymodule_path
    return abspath(join(dirname(get_module(scrub(modulename)).__file__ or ""), *joins))
                                ~~~~~~~~~~^^^^^^^^^^^^^^^^^^^
  File "/workspace/frappe-bench/apps/frappe/frappe/__init__.py", line 821, in get_module
    return importlib.import_module(modulename)
           ~~~~~~~~~~~~~~~~~~~~~~~^^^^^^^^^^^^
  File "/home/frappe/.pyenv/versions/3.14.2/lib/python3.14/importlib/__init__.py", line 88, in import_module
    return _bootstrap._gcd_import(name[level:], package, level)
           ~~~~~~~~~~~~~~~~~~~~~~^^^^^^^^^^^^^^^^^^^^^^^^^^^^^^
  File "<frozen importlib._bootstrap>", line 1398, in _gcd_import
  File "<frozen importlib._bootstrap>", line 1371, in _find_and_load
  File "<frozen importlib._bootstrap>", line 1335, in _find_and_load_unlocked
ModuleNotFoundError: No module named 'hrms_saas'
2026-07-08 08:28:07,711 ERROR frappe Unable to load translations
Site: frontend
Form Dict: {}
Traceback (most recent call last):
  File "/workspace/frappe-bench/apps/frappe/frappe/app.py", line 102, in application
    init_request(request)
    ~~~~~~~~~~~~^^^^^^^^^
  File "/workspace/frappe-bench/apps/frappe/frappe/app.py", line 184, in init_request
    frappe.init(site, sites_path=_sites_path, force=True)
    ~~~~~~~~~~~^^^^^^^^^^^^^^^^^^^^^^^^^^^^^^^^^^^^^^^^^^
  File "/workspace/frappe-bench/apps/frappe/frappe/__init__.py", line 211, in init
    setup_module_map(include_all_apps=not (frappe.request or frappe.job or frappe.flags.in_migrate))
    ~~~~~~~~~~~~~~~~^^^^^^^^^^^^^^^^^^^^^^^^^^^^^^^^^^^^^^^^^^^^^^^^^^^^^^^^^^^^^^^^^^^^^^^^^^^^^^^^
  File "/workspace/frappe-bench/apps/frappe/frappe/__init__.py", line 1044, in setup_module_map
    for module in get_module_list(app):
                  ~~~~~~~~~~~~~~~^^^^^
  File "/workspace/frappe-bench/apps/frappe/frappe/__init__.py", line 885, in get_module_list
    return get_file_items(get_app_path(app_name, "modules.txt"))
                          ~~~~~~~~~~~~^^^^^^^^^^^^^^^^^^^^^^^^^
  File "/workspace/frappe-bench/apps/frappe/frappe/__init__.py", line 850, in get_app_path
    return get_pymodule_path(app_name, *joins)
  File "/workspace/frappe-bench/apps/frappe/frappe/__init__.py", line 880, in get_pymodule_path
    return abspath(join(dirname(get_module(scrub(modulename)).__file__ or ""), *joins))
                                ~~~~~~~~~~^^^^^^^^^^^^^^^^^^^
  File "/workspace/frappe-bench/apps/frappe/frappe/__init__.py", line 821, in get_module
    return importlib.import_module(modulename)
           ~~~~~~~~~~~~~~~~~~~~~~~^^^^^^^^^^^^
  File "/home/frappe/.pyenv/versions/3.14.2/lib/python3.14/importlib/__init__.py", line 88, in import_module
    return _bootstrap._gcd_import(name[level:], package, level)
           ~~~~~~~~~~~~~~~~~~~~~~^^^^^^^^^^^^^^^^^^^^^^^^^^^^^^
  File "<frozen importlib._bootstrap>", line 1398, in _gcd_import
  File "<frozen importlib._bootstrap>", line 1371, in _find_and_load
  File "<frozen importlib._bootstrap>", line 1335, in _find_and_load_unlocked
ModuleNotFoundError: No module named 'hrms_saas'

During handling of the above exception, another exception occurred:

Traceback (most recent call last):
  File "/workspace/frappe-bench/apps/frappe/frappe/translate.py", line 164, in get_all_translations
    return frappe.cache.hget(MERGED_TRANSLATION_KEY, lang, generator=_merge_translations)
           ~~~~~~~~~~~~~~~~~^^^^^^^^^^^^^^^^^^^^^^^^^^^^^^^^^^^^^^^^^^^^^^^^^^^^^^^^^^^^^
  File "/workspace/frappe-bench/apps/frappe/frappe/utils/redis_wrapper.py", line 256, in hget
    value = generator()
  File "/workspace/frappe-bench/apps/frappe/frappe/translate.py", line 152, in _merge_translations
    all_translations.update(get_translations_from_apps(lang))
                            ~~~~~~~~~~~~~~~~~~~~~~~~~~^^^^^^
  File "/workspace/frappe-bench/apps/frappe/frappe/translate.py", line 180, in get_translations_from_apps
    translations.update(get_translations_from_csv(lang, app) or {})
                        ~~~~~~~~~~~~~~~~~~~~~~~~~^^^^^^^^^^^
  File "/workspace/frappe-bench/apps/frappe/frappe/translate.py", line 192, in get_translations_from_csv
    os.path.join(frappe.get_app_path(app, "translations"), lang + ".csv"), lang, app
                 ~~~~~~~~~~~~~~~~~~~^^^^^^^^^^^^^^^^^^^^^
  File "/workspace/frappe-bench/apps/frappe/frappe/__init__.py", line 850, in get_app_path
    return get_pymodule_path(app_name, *joins)
  File "/workspace/frappe-bench/apps/frappe/frappe/__init__.py", line 880, in get_pymodule_path
    return abspath(join(dirname(get_module(scrub(modulename)).__file__ or ""), *joins))
                                ~~~~~~~~~~^^^^^^^^^^^^^^^^^^^
  File "/workspace/frappe-bench/apps/frappe/frappe/__init__.py", line 821, in get_module
    return importlib.import_module(modulename)
           ~~~~~~~~~~~~~~~~~~~~~~~^^^^^^^^^^^^
  File "/home/frappe/.pyenv/versions/3.14.2/lib/python3.14/importlib/__init__.py", line 88, in import_module
    return _bootstrap._gcd_import(name[level:], package, level)
           ~~~~~~~~~~~~~~~~~~~~~~^^^^^^^^^^^^^^^^^^^^^^^^^^^^^^
  File "<frozen importlib._bootstrap>", line 1398, in _gcd_import
  File "<frozen importlib._bootstrap>", line 1371, in _find_and_load
  File "<frozen importlib._bootstrap>", line 1335, in _find_and_load_unlocked
ModuleNotFoundError: No module named 'hrms_saas'
2026-07-08 08:28:09,293 ERROR frappe Unable to load translations
Site: frontend
Form Dict: {}
Traceback (most recent call last):
  File "/workspace/frappe-bench/apps/frappe/frappe/app.py", line 102, in application
    init_request(request)
    ~~~~~~~~~~~~^^^^^^^^^
  File "/workspace/frappe-bench/apps/frappe/frappe/app.py", line 184, in init_request
    frappe.init(site, sites_path=_sites_path, force=True)
    ~~~~~~~~~~~^^^^^^^^^^^^^^^^^^^^^^^^^^^^^^^^^^^^^^^^^^
  File "/workspace/frappe-bench/apps/frappe/frappe/__init__.py", line 211, in init
    setup_module_map(include_all_apps=not (frappe.request or frappe.job or frappe.flags.in_migrate))
    ~~~~~~~~~~~~~~~~^^^^^^^^^^^^^^^^^^^^^^^^^^^^^^^^^^^^^^^^^^^^^^^^^^^^^^^^^^^^^^^^^^^^^^^^^^^^^^^^
  File "/workspace/frappe-bench/apps/frappe/frappe/__init__.py", line 1044, in setup_module_map
    for module in get_module_list(app):
                  ~~~~~~~~~~~~~~~^^^^^
  File "/workspace/frappe-bench/apps/frappe/frappe/__init__.py", line 885, in get_module_list
    return get_file_items(get_app_path(app_name, "modules.txt"))
                          ~~~~~~~~~~~~^^^^^^^^^^^^^^^^^^^^^^^^^
  File "/workspace/frappe-bench/apps/frappe/frappe/__init__.py", line 850, in get_app_path
    return get_pymodule_path(app_name, *joins)
  File "/workspace/frappe-bench/apps/frappe/frappe/__init__.py", line 880, in get_pymodule_path
    return abspath(join(dirname(get_module(scrub(modulename)).__file__ or ""), *joins))
                                ~~~~~~~~~~^^^^^^^^^^^^^^^^^^^
  File "/workspace/frappe-bench/apps/frappe/frappe/__init__.py", line 821, in get_module
    return importlib.import_module(modulename)
           ~~~~~~~~~~~~~~~~~~~~~~~^^^^^^^^^^^^
  File "/home/frappe/.pyenv/versions/3.14.2/lib/python3.14/importlib/__init__.py", line 88, in import_module
    return _bootstrap._gcd_import(name[level:], package, level)
           ~~~~~~~~~~~~~~~~~~~~~~^^^^^^^^^^^^^^^^^^^^^^^^^^^^^^
  File "<frozen importlib._bootstrap>", line 1398, in _gcd_import
  File "<frozen importlib._bootstrap>", line 1371, in _find_and_load
  File "<frozen importlib._bootstrap>", line 1335, in _find_and_load_unlocked
ModuleNotFoundError: No module named 'hrms_saas'

During handling of the above exception, another exception occurred:

Traceback (most recent call last):
  File "/workspace/frappe-bench/apps/frappe/frappe/translate.py", line 164, in get_all_translations
    return frappe.cache.hget(MERGED_TRANSLATION_KEY, lang, generator=_merge_translations)
           ~~~~~~~~~~~~~~~~~^^^^^^^^^^^^^^^^^^^^^^^^^^^^^^^^^^^^^^^^^^^^^^^^^^^^^^^^^^^^^
  File "/workspace/frappe-bench/apps/frappe/frappe/utils/redis_wrapper.py", line 256, in hget
    value = generator()
  File "/workspace/frappe-bench/apps/frappe/frappe/translate.py", line 152, in _merge_translations
    all_translations.update(get_translations_from_apps(lang))
                            ~~~~~~~~~~~~~~~~~~~~~~~~~~^^^^^^
  File "/workspace/frappe-bench/apps/frappe/frappe/translate.py", line 180, in get_translations_from_apps
    translations.update(get_translations_from_csv(lang, app) or {})
                        ~~~~~~~~~~~~~~~~~~~~~~~~~^^^^^^^^^^^
  File "/workspace/frappe-bench/apps/frappe/frappe/translate.py", line 192, in get_translations_from_csv
    os.path.join(frappe.get_app_path(app, "translations"), lang + ".csv"), lang, app
                 ~~~~~~~~~~~~~~~~~~~^^^^^^^^^^^^^^^^^^^^^
  File "/workspace/frappe-bench/apps/frappe/frappe/__init__.py", line 850, in get_app_path
    return get_pymodule_path(app_name, *joins)
  File "/workspace/frappe-bench/apps/frappe/frappe/__init__.py", line 880, in get_pymodule_path
    return abspath(join(dirname(get_module(scrub(modulename)).__file__ or ""), *joins))
                                ~~~~~~~~~~^^^^^^^^^^^^^^^^^^^
  File "/workspace/frappe-bench/apps/frappe/frappe/__init__.py", line 821, in get_module
    return importlib.import_module(modulename)
           ~~~~~~~~~~~~~~~~~~~~~~~^^^^^^^^^^^^
  File "/home/frappe/.pyenv/versions/3.14.2/lib/python3.14/importlib/__init__.py", line 88, in import_module
    return _bootstrap._gcd_import(name[level:], package, level)
           ~~~~~~~~~~~~~~~~~~~~~~^^^^^^^^^^^^^^^^^^^^^^^^^^^^^^
  File "<frozen importlib._bootstrap>", line 1398, in _gcd_import
  File "<frozen importlib._bootstrap>", line 1371, in _find_and_load
  File "<frozen importlib._bootstrap>", line 1335, in _find_and_load_unlocked
ModuleNotFoundError: No module named 'hrms_saas'
2026-07-08 08:28:09,297 ERROR frappe Unable to load translations
Site: frontend
Form Dict: {}
Traceback (most recent call last):
  File "/workspace/frappe-bench/apps/frappe/frappe/app.py", line 102, in application
    init_request(request)
    ~~~~~~~~~~~~^^^^^^^^^
  File "/workspace/frappe-bench/apps/frappe/frappe/app.py", line 184, in init_request
    frappe.init(site, sites_path=_sites_path, force=True)
    ~~~~~~~~~~~^^^^^^^^^^^^^^^^^^^^^^^^^^^^^^^^^^^^^^^^^^
  File "/workspace/frappe-bench/apps/frappe/frappe/__init__.py", line 211, in init
    setup_module_map(include_all_apps=not (frappe.request or frappe.job or frappe.flags.in_migrate))
    ~~~~~~~~~~~~~~~~^^^^^^^^^^^^^^^^^^^^^^^^^^^^^^^^^^^^^^^^^^^^^^^^^^^^^^^^^^^^^^^^^^^^^^^^^^^^^^^^
  File "/workspace/frappe-bench/apps/frappe/frappe/__init__.py", line 1044, in setup_module_map
    for module in get_module_list(app):
                  ~~~~~~~~~~~~~~~^^^^^
  File "/workspace/frappe-bench/apps/frappe/frappe/__init__.py", line 885, in get_module_list
    return get_file_items(get_app_path(app_name, "modules.txt"))
                          ~~~~~~~~~~~~^^^^^^^^^^^^^^^^^^^^^^^^^
  File "/workspace/frappe-bench/apps/frappe/frappe/__init__.py", line 850, in get_app_path
    return get_pymodule_path(app_name, *joins)
  File "/workspace/frappe-bench/apps/frappe/frappe/__init__.py", line 880, in get_pymodule_path
    return abspath(join(dirname(get_module(scrub(modulename)).__file__ or ""), *joins))
                                ~~~~~~~~~~^^^^^^^^^^^^^^^^^^^
  File "/workspace/frappe-bench/apps/frappe/frappe/__init__.py", line 821, in get_module
    return importlib.import_module(modulename)
           ~~~~~~~~~~~~~~~~~~~~~~~^^^^^^^^^^^^
  File "/home/frappe/.pyenv/versions/3.14.2/lib/python3.14/importlib/__init__.py", line 88, in import_module
    return _bootstrap._gcd_import(name[level:], package, level)
           ~~~~~~~~~~~~~~~~~~~~~~^^^^^^^^^^^^^^^^^^^^^^^^^^^^^^
  File "<frozen importlib._bootstrap>", line 1398, in _gcd_import
  File "<frozen importlib._bootstrap>", line 1371, in _find_and_load
  File "<frozen importlib._bootstrap>", line 1335, in _find_and_load_unlocked
ModuleNotFoundError: No module named 'hrms_saas'

During handling of the above exception, another exception occurred:

Traceback (most recent call last):
  File "/workspace/frappe-bench/apps/frappe/frappe/translate.py", line 164, in get_all_translations
    return frappe.cache.hget(MERGED_TRANSLATION_KEY, lang, generator=_merge_translations)
           ~~~~~~~~~~~~~~~~~^^^^^^^^^^^^^^^^^^^^^^^^^^^^^^^^^^^^^^^^^^^^^^^^^^^^^^^^^^^^^
  File "/workspace/frappe-bench/apps/frappe/frappe/utils/redis_wrapper.py", line 256, in hget
    value = generator()
  File "/workspace/frappe-bench/apps/frappe/frappe/translate.py", line 152, in _merge_translations
    all_translations.update(get_translations_from_apps(lang))
                            ~~~~~~~~~~~~~~~~~~~~~~~~~~^^^^^^
  File "/workspace/frappe-bench/apps/frappe/frappe/translate.py", line 180, in get_translations_from_apps
    translations.update(get_translations_from_csv(lang, app) or {})
                        ~~~~~~~~~~~~~~~~~~~~~~~~~^^^^^^^^^^^
  File "/workspace/frappe-bench/apps/frappe/frappe/translate.py", line 192, in get_translations_from_csv
    os.path.join(frappe.get_app_path(app, "translations"), lang + ".csv"), lang, app
                 ~~~~~~~~~~~~~~~~~~~^^^^^^^^^^^^^^^^^^^^^
  File "/workspace/frappe-bench/apps/frappe/frappe/__init__.py", line 850, in get_app_path
    return get_pymodule_path(app_name, *joins)
  File "/workspace/frappe-bench/apps/frappe/frappe/__init__.py", line 880, in get_pymodule_path
    return abspath(join(dirname(get_module(scrub(modulename)).__file__ or ""), *joins))
                                ~~~~~~~~~~^^^^^^^^^^^^^^^^^^^
  File "/workspace/frappe-bench/apps/frappe/frappe/__init__.py", line 821, in get_module
    return importlib.import_module(modulename)
           ~~~~~~~~~~~~~~~~~~~~~~~^^^^^^^^^^^^
  File "/home/frappe/.pyenv/versions/3.14.2/lib/python3.14/importlib/__init__.py", line 88, in import_module
    return _bootstrap._gcd_import(name[level:], package, level)
           ~~~~~~~~~~~~~~~~~~~~~~^^^^^^^^^^^^^^^^^^^^^^^^^^^^^^
  File "<frozen importlib._bootstrap>", line 1398, in _gcd_import
  File "<frozen importlib._bootstrap>", line 1371, in _find_and_load
  File "<frozen importlib._bootstrap>", line 1335, in _find_and_load_unlocked
ModuleNotFoundError: No module named 'hrms_saas'
2026-07-08 08:28:09,967 ERROR frappe Unable to load translations
Site: frontend
Form Dict: {}
Traceback (most recent call last):
  File "/workspace/frappe-bench/apps/frappe/frappe/app.py", line 102, in application
    init_request(request)
    ~~~~~~~~~~~~^^^^^^^^^
  File "/workspace/frappe-bench/apps/frappe/frappe/app.py", line 184, in init_request
    frappe.init(site, sites_path=_sites_path, force=True)
    ~~~~~~~~~~~^^^^^^^^^^^^^^^^^^^^^^^^^^^^^^^^^^^^^^^^^^
  File "/workspace/frappe-bench/apps/frappe/frappe/__init__.py", line 211, in init
    setup_module_map(include_all_apps=not (frappe.request or frappe.job or frappe.flags.in_migrate))
    ~~~~~~~~~~~~~~~~^^^^^^^^^^^^^^^^^^^^^^^^^^^^^^^^^^^^^^^^^^^^^^^^^^^^^^^^^^^^^^^^^^^^^^^^^^^^^^^^
  File "/workspace/frappe-bench/apps/frappe/frappe/__init__.py", line 1044, in setup_module_map
    for module in get_module_list(app):
                  ~~~~~~~~~~~~~~~^^^^^
  File "/workspace/frappe-bench/apps/frappe/frappe/__init__.py", line 885, in get_module_list
    return get_file_items(get_app_path(app_name, "modules.txt"))
                          ~~~~~~~~~~~~^^^^^^^^^^^^^^^^^^^^^^^^^
  File "/workspace/frappe-bench/apps/frappe/frappe/__init__.py", line 850, in get_app_path
    return get_pymodule_path(app_name, *joins)
  File "/workspace/frappe-bench/apps/frappe/frappe/__init__.py", line 880, in get_pymodule_path
    return abspath(join(dirname(get_module(scrub(modulename)).__file__ or ""), *joins))
                                ~~~~~~~~~~^^^^^^^^^^^^^^^^^^^
  File "/workspace/frappe-bench/apps/frappe/frappe/__init__.py", line 821, in get_module
    return importlib.import_module(modulename)
           ~~~~~~~~~~~~~~~~~~~~~~~^^^^^^^^^^^^
  File "/home/frappe/.pyenv/versions/3.14.2/lib/python3.14/importlib/__init__.py", line 88, in import_module
    return _bootstrap._gcd_import(name[level:], package, level)
           ~~~~~~~~~~~~~~~~~~~~~~^^^^^^^^^^^^^^^^^^^^^^^^^^^^^^
  File "<frozen importlib._bootstrap>", line 1398, in _gcd_import
  File "<frozen importlib._bootstrap>", line 1371, in _find_and_load
  File "<frozen importlib._bootstrap>", line 1335, in _find_and_load_unlocked
ModuleNotFoundError: No module named 'hrms_saas'

During handling of the above exception, another exception occurred:

Traceback (most recent call last):
  File "/workspace/frappe-bench/apps/frappe/frappe/translate.py", line 164, in get_all_translations
    return frappe.cache.hget(MERGED_TRANSLATION_KEY, lang, generator=_merge_translations)
           ~~~~~~~~~~~~~~~~~^^^^^^^^^^^^^^^^^^^^^^^^^^^^^^^^^^^^^^^^^^^^^^^^^^^^^^^^^^^^^
  File "/workspace/frappe-bench/apps/frappe/frappe/utils/redis_wrapper.py", line 256, in hget
    value = generator()
  File "/workspace/frappe-bench/apps/frappe/frappe/translate.py", line 152, in _merge_translations
    all_translations.update(get_translations_from_apps(lang))
                            ~~~~~~~~~~~~~~~~~~~~~~~~~~^^^^^^
  File "/workspace/frappe-bench/apps/frappe/frappe/translate.py", line 180, in get_translations_from_apps
    translations.update(get_translations_from_csv(lang, app) or {})
                        ~~~~~~~~~~~~~~~~~~~~~~~~~^^^^^^^^^^^
  File "/workspace/frappe-bench/apps/frappe/frappe/translate.py", line 192, in get_translations_from_csv
    os.path.join(frappe.get_app_path(app, "translations"), lang + ".csv"), lang, app
                 ~~~~~~~~~~~~~~~~~~~^^^^^^^^^^^^^^^^^^^^^
  File "/workspace/frappe-bench/apps/frappe/frappe/__init__.py", line 850, in get_app_path
    return get_pymodule_path(app_name, *joins)
  File "/workspace/frappe-bench/apps/frappe/frappe/__init__.py", line 880, in get_pymodule_path
    return abspath(join(dirname(get_module(scrub(modulename)).__file__ or ""), *joins))
                                ~~~~~~~~~~^^^^^^^^^^^^^^^^^^^
  File "/workspace/frappe-bench/apps/frappe/frappe/__init__.py", line 821, in get_module
    return importlib.import_module(modulename)
           ~~~~~~~~~~~~~~~~~~~~~~~^^^^^^^^^^^^
  File "/home/frappe/.pyenv/versions/3.14.2/lib/python3.14/importlib/__init__.py", line 88, in import_module
    return _bootstrap._gcd_import(name[level:], package, level)
           ~~~~~~~~~~~~~~~~~~~~~~^^^^^^^^^^^^^^^^^^^^^^^^^^^^^^
  File "<frozen importlib._bootstrap>", line 1398, in _gcd_import
  File "<frozen importlib._bootstrap>", line 1371, in _find_and_load
  File "<frozen importlib._bootstrap>", line 1335, in _find_and_load_unlocked
ModuleNotFoundError: No module named 'hrms_saas'
2026-07-08 08:28:09,970 ERROR frappe Unable to load translations
Site: frontend
Form Dict: {}
Traceback (most recent call last):
  File "/workspace/frappe-bench/apps/frappe/frappe/app.py", line 102, in application
    init_request(request)
    ~~~~~~~~~~~~^^^^^^^^^
  File "/workspace/frappe-bench/apps/frappe/frappe/app.py", line 184, in init_request
    frappe.init(site, sites_path=_sites_path, force=True)
    ~~~~~~~~~~~^^^^^^^^^^^^^^^^^^^^^^^^^^^^^^^^^^^^^^^^^^
  File "/workspace/frappe-bench/apps/frappe/frappe/__init__.py", line 211, in init
    setup_module_map(include_all_apps=not (frappe.request or frappe.job or frappe.flags.in_migrate))
    ~~~~~~~~~~~~~~~~^^^^^^^^^^^^^^^^^^^^^^^^^^^^^^^^^^^^^^^^^^^^^^^^^^^^^^^^^^^^^^^^^^^^^^^^^^^^^^^^
  File "/workspace/frappe-bench/apps/frappe/frappe/__init__.py", line 1044, in setup_module_map
    for module in get_module_list(app):
                  ~~~~~~~~~~~~~~~^^^^^
  File "/workspace/frappe-bench/apps/frappe/frappe/__init__.py", line 885, in get_module_list
    return get_file_items(get_app_path(app_name, "modules.txt"))
                          ~~~~~~~~~~~~^^^^^^^^^^^^^^^^^^^^^^^^^
  File "/workspace/frappe-bench/apps/frappe/frappe/__init__.py", line 850, in get_app_path
    return get_pymodule_path(app_name, *joins)
  File "/workspace/frappe-bench/apps/frappe/frappe/__init__.py", line 880, in get_pymodule_path
    return abspath(join(dirname(get_module(scrub(modulename)).__file__ or ""), *joins))
                                ~~~~~~~~~~^^^^^^^^^^^^^^^^^^^
  File "/workspace/frappe-bench/apps/frappe/frappe/__init__.py", line 821, in get_module
    return importlib.import_module(modulename)
           ~~~~~~~~~~~~~~~~~~~~~~~^^^^^^^^^^^^
  File "/home/frappe/.pyenv/versions/3.14.2/lib/python3.14/importlib/__init__.py", line 88, in import_module
    return _bootstrap._gcd_import(name[level:], package, level)
           ~~~~~~~~~~~~~~~~~~~~~~^^^^^^^^^^^^^^^^^^^^^^^^^^^^^^
  File "<frozen importlib._bootstrap>", line 1398, in _gcd_import
  File "<frozen importlib._bootstrap>", line 1371, in _find_and_load
  File "<frozen importlib._bootstrap>", line 1335, in _find_and_load_unlocked
ModuleNotFoundError: No module named 'hrms_saas'

During handling of the above exception, another exception occurred:

Traceback (most recent call last):
  File "/workspace/frappe-bench/apps/frappe/frappe/translate.py", line 164, in get_all_translations
    return frappe.cache.hget(MERGED_TRANSLATION_KEY, lang, generator=_merge_translations)
           ~~~~~~~~~~~~~~~~~^^^^^^^^^^^^^^^^^^^^^^^^^^^^^^^^^^^^^^^^^^^^^^^^^^^^^^^^^^^^^
  File "/workspace/frappe-bench/apps/frappe/frappe/utils/redis_wrapper.py", line 256, in hget
    value = generator()
  File "/workspace/frappe-bench/apps/frappe/frappe/translate.py", line 152, in _merge_translations
    all_translations.update(get_translations_from_apps(lang))
                            ~~~~~~~~~~~~~~~~~~~~~~~~~~^^^^^^
  File "/workspace/frappe-bench/apps/frappe/frappe/translate.py", line 180, in get_translations_from_apps
    translations.update(get_translations_from_csv(lang, app) or {})
                        ~~~~~~~~~~~~~~~~~~~~~~~~~^^^^^^^^^^^
  File "/workspace/frappe-bench/apps/frappe/frappe/translate.py", line 192, in get_translations_from_csv
    os.path.join(frappe.get_app_path(app, "translations"), lang + ".csv"), lang, app
                 ~~~~~~~~~~~~~~~~~~~^^^^^^^^^^^^^^^^^^^^^
  File "/workspace/frappe-bench/apps/frappe/frappe/__init__.py", line 850, in get_app_path
    return get_pymodule_path(app_name, *joins)
  File "/workspace/frappe-bench/apps/frappe/frappe/__init__.py", line 880, in get_pymodule_path
    return abspath(join(dirname(get_module(scrub(modulename)).__file__ or ""), *joins))
                                ~~~~~~~~~~^^^^^^^^^^^^^^^^^^^
  File "/workspace/frappe-bench/apps/frappe/frappe/__init__.py", line 821, in get_module
    return importlib.import_module(modulename)
           ~~~~~~~~~~~~~~~~~~~~~~~^^^^^^^^^^^^
  File "/home/frappe/.pyenv/versions/3.14.2/lib/python3.14/importlib/__init__.py", line 88, in import_module
    return _bootstrap._gcd_import(name[level:], package, level)
           ~~~~~~~~~~~~~~~~~~~~~~^^^^^^^^^^^^^^^^^^^^^^^^^^^^^^
  File "<frozen importlib._bootstrap>", line 1398, in _gcd_import
  File "<frozen importlib._bootstrap>", line 1371, in _find_and_load
  File "<frozen importlib._bootstrap>", line 1335, in _find_and_load_unlocked
ModuleNotFoundError: No module named 'hrms_saas'
2026-07-08 08:28:11,178 ERROR frappe Unable to load translations
Site: frontend
Form Dict: {}
Traceback (most recent call last):
  File "/workspace/frappe-bench/apps/frappe/frappe/app.py", line 102, in application
    init_request(request)
    ~~~~~~~~~~~~^^^^^^^^^
  File "/workspace/frappe-bench/apps/frappe/frappe/app.py", line 184, in init_request
    frappe.init(site, sites_path=_sites_path, force=True)
    ~~~~~~~~~~~^^^^^^^^^^^^^^^^^^^^^^^^^^^^^^^^^^^^^^^^^^
  File "/workspace/frappe-bench/apps/frappe/frappe/__init__.py", line 211, in init
    setup_module_map(include_all_apps=not (frappe.request or frappe.job or frappe.flags.in_migrate))
    ~~~~~~~~~~~~~~~~^^^^^^^^^^^^^^^^^^^^^^^^^^^^^^^^^^^^^^^^^^^^^^^^^^^^^^^^^^^^^^^^^^^^^^^^^^^^^^^^
  File "/workspace/frappe-bench/apps/frappe/frappe/__init__.py", line 1044, in setup_module_map
    for module in get_module_list(app):
                  ~~~~~~~~~~~~~~~^^^^^
  File "/workspace/frappe-bench/apps/frappe/frappe/__init__.py", line 885, in get_module_list
    return get_file_items(get_app_path(app_name, "modules.txt"))
                          ~~~~~~~~~~~~^^^^^^^^^^^^^^^^^^^^^^^^^
  File "/workspace/frappe-bench/apps/frappe/frappe/__init__.py", line 850, in get_app_path
    return get_pymodule_path(app_name, *joins)
  File "/workspace/frappe-bench/apps/frappe/frappe/__init__.py", line 880, in get_pymodule_path
    return abspath(join(dirname(get_module(scrub(modulename)).__file__ or ""), *joins))
                                ~~~~~~~~~~^^^^^^^^^^^^^^^^^^^
  File "/workspace/frappe-bench/apps/frappe/frappe/__init__.py", line 821, in get_module
    return importlib.import_module(modulename)
           ~~~~~~~~~~~~~~~~~~~~~~~^^^^^^^^^^^^
  File "/home/frappe/.pyenv/versions/3.14.2/lib/python3.14/importlib/__init__.py", line 88, in import_module
    return _bootstrap._gcd_import(name[level:], package, level)
           ~~~~~~~~~~~~~~~~~~~~~~^^^^^^^^^^^^^^^^^^^^^^^^^^^^^^
  File "<frozen importlib._bootstrap>", line 1398, in _gcd_import
  File "<frozen importlib._bootstrap>", line 1371, in _find_and_load
  File "<frozen importlib._bootstrap>", line 1335, in _find_and_load_unlocked
ModuleNotFoundError: No module named 'hrms_saas'

During handling of the above exception, another exception occurred:

Traceback (most recent call last):
  File "/workspace/frappe-bench/apps/frappe/frappe/translate.py", line 164, in get_all_translations
    return frappe.cache.hget(MERGED_TRANSLATION_KEY, lang, generator=_merge_translations)
           ~~~~~~~~~~~~~~~~~^^^^^^^^^^^^^^^^^^^^^^^^^^^^^^^^^^^^^^^^^^^^^^^^^^^^^^^^^^^^^
  File "/workspace/frappe-bench/apps/frappe/frappe/utils/redis_wrapper.py", line 256, in hget
    value = generator()
  File "/workspace/frappe-bench/apps/frappe/frappe/translate.py", line 152, in _merge_translations
    all_translations.update(get_translations_from_apps(lang))
                            ~~~~~~~~~~~~~~~~~~~~~~~~~~^^^^^^
  File "/workspace/frappe-bench/apps/frappe/frappe/translate.py", line 180, in get_translations_from_apps
    translations.update(get_translations_from_csv(lang, app) or {})
                        ~~~~~~~~~~~~~~~~~~~~~~~~~^^^^^^^^^^^
  File "/workspace/frappe-bench/apps/frappe/frappe/translate.py", line 192, in get_translations_from_csv
    os.path.join(frappe.get_app_path(app, "translations"), lang + ".csv"), lang, app
                 ~~~~~~~~~~~~~~~~~~~^^^^^^^^^^^^^^^^^^^^^
  File "/workspace/frappe-bench/apps/frappe/frappe/__init__.py", line 850, in get_app_path
    return get_pymodule_path(app_name, *joins)
  File "/workspace/frappe-bench/apps/frappe/frappe/__init__.py", line 880, in get_pymodule_path
    return abspath(join(dirname(get_module(scrub(modulename)).__file__ or ""), *joins))
                                ~~~~~~~~~~^^^^^^^^^^^^^^^^^^^
  File "/workspace/frappe-bench/apps/frappe/frappe/__init__.py", line 821, in get_module
    return importlib.import_module(modulename)
           ~~~~~~~~~~~~~~~~~~~~~~~^^^^^^^^^^^^
  File "/home/frappe/.pyenv/versions/3.14.2/lib/python3.14/importlib/__init__.py", line 88, in import_module
    return _bootstrap._gcd_import(name[level:], package, level)
           ~~~~~~~~~~~~~~~~~~~~~~^^^^^^^^^^^^^^^^^^^^^^^^^^^^^^
  File "<frozen importlib._bootstrap>", line 1398, in _gcd_import
  File "<frozen importlib._bootstrap>", line 1371, in _find_and_load
  File "<frozen importlib._bootstrap>", line 1335, in _find_and_load_unlocked
ModuleNotFoundError: No module named 'hrms_saas'
2026-07-08 08:28:11,181 ERROR frappe Unable to load translations
Site: frontend
Form Dict: {}
Traceback (most recent call last):
  File "/workspace/frappe-bench/apps/frappe/frappe/app.py", line 102, in application
    init_request(request)
    ~~~~~~~~~~~~^^^^^^^^^
  File "/workspace/frappe-bench/apps/frappe/frappe/app.py", line 184, in init_request
    frappe.init(site, sites_path=_sites_path, force=True)
    ~~~~~~~~~~~^^^^^^^^^^^^^^^^^^^^^^^^^^^^^^^^^^^^^^^^^^
  File "/workspace/frappe-bench/apps/frappe/frappe/__init__.py", line 211, in init
    setup_module_map(include_all_apps=not (frappe.request or frappe.job or frappe.flags.in_migrate))
    ~~~~~~~~~~~~~~~~^^^^^^^^^^^^^^^^^^^^^^^^^^^^^^^^^^^^^^^^^^^^^^^^^^^^^^^^^^^^^^^^^^^^^^^^^^^^^^^^
  File "/workspace/frappe-bench/apps/frappe/frappe/__init__.py", line 1044, in setup_module_map
    for module in get_module_list(app):
                  ~~~~~~~~~~~~~~~^^^^^
  File "/workspace/frappe-bench/apps/frappe/frappe/__init__.py", line 885, in get_module_list
    return get_file_items(get_app_path(app_name, "modules.txt"))
                          ~~~~~~~~~~~~^^^^^^^^^^^^^^^^^^^^^^^^^
  File "/workspace/frappe-bench/apps/frappe/frappe/__init__.py", line 850, in get_app_path
    return get_pymodule_path(app_name, *joins)
  File "/workspace/frappe-bench/apps/frappe/frappe/__init__.py", line 880, in get_pymodule_path
    return abspath(join(dirname(get_module(scrub(modulename)).__file__ or ""), *joins))
                                ~~~~~~~~~~^^^^^^^^^^^^^^^^^^^
  File "/workspace/frappe-bench/apps/frappe/frappe/__init__.py", line 821, in get_module
    return importlib.import_module(modulename)
           ~~~~~~~~~~~~~~~~~~~~~~~^^^^^^^^^^^^
  File "/home/frappe/.pyenv/versions/3.14.2/lib/python3.14/importlib/__init__.py", line 88, in import_module
    return _bootstrap._gcd_import(name[level:], package, level)
           ~~~~~~~~~~~~~~~~~~~~~~^^^^^^^^^^^^^^^^^^^^^^^^^^^^^^
  File "<frozen importlib._bootstrap>", line 1398, in _gcd_import
  File "<frozen importlib._bootstrap>", line 1371, in _find_and_load
  File "<frozen importlib._bootstrap>", line 1335, in _find_and_load_unlocked
ModuleNotFoundError: No module named 'hrms_saas'

During handling of the above exception, another exception occurred:

Traceback (most recent call last):
  File "/workspace/frappe-bench/apps/frappe/frappe/translate.py", line 164, in get_all_translations
    return frappe.cache.hget(MERGED_TRANSLATION_KEY, lang, generator=_merge_translations)
           ~~~~~~~~~~~~~~~~~^^^^^^^^^^^^^^^^^^^^^^^^^^^^^^^^^^^^^^^^^^^^^^^^^^^^^^^^^^^^^
  File "/workspace/frappe-bench/apps/frappe/frappe/utils/redis_wrapper.py", line 256, in hget
    value = generator()
  File "/workspace/frappe-bench/apps/frappe/frappe/translate.py", line 152, in _merge_translations
    all_translations.update(get_translations_from_apps(lang))
                            ~~~~~~~~~~~~~~~~~~~~~~~~~~^^^^^^
  File "/workspace/frappe-bench/apps/frappe/frappe/translate.py", line 180, in get_translations_from_apps
    translations.update(get_translations_from_csv(lang, app) or {})
                        ~~~~~~~~~~~~~~~~~~~~~~~~~^^^^^^^^^^^
  File "/workspace/frappe-bench/apps/frappe/frappe/translate.py", line 192, in get_translations_from_csv
    os.path.join(frappe.get_app_path(app, "translations"), lang + ".csv"), lang, app
                 ~~~~~~~~~~~~~~~~~~~^^^^^^^^^^^^^^^^^^^^^
  File "/workspace/frappe-bench/apps/frappe/frappe/__init__.py", line 850, in get_app_path
    return get_pymodule_path(app_name, *joins)
  File "/workspace/frappe-bench/apps/frappe/frappe/__init__.py", line 880, in get_pymodule_path
    return abspath(join(dirname(get_module(scrub(modulename)).__file__ or ""), *joins))
                                ~~~~~~~~~~^^^^^^^^^^^^^^^^^^^
  File "/workspace/frappe-bench/apps/frappe/frappe/__init__.py", line 821, in get_module
    return importlib.import_module(modulename)
           ~~~~~~~~~~~~~~~~~~~~~~~^^^^^^^^^^^^
  File "/home/frappe/.pyenv/versions/3.14.2/lib/python3.14/importlib/__init__.py", line 88, in import_module
    return _bootstrap._gcd_import(name[level:], package, level)
           ~~~~~~~~~~~~~~~~~~~~~~^^^^^^^^^^^^^^^^^^^^^^^^^^^^^^
  File "<frozen importlib._bootstrap>", line 1398, in _gcd_import
  File "<frozen importlib._bootstrap>", line 1371, in _find_and_load
  File "<frozen importlib._bootstrap>", line 1335, in _find_and_load_unlocked
ModuleNotFoundError: No module named 'hrms_saas'
2026-07-08 08:28:11,705 ERROR frappe Unable to load translations
Site: frontend
Form Dict: {}
Traceback (most recent call last):
  File "/workspace/frappe-bench/apps/frappe/frappe/app.py", line 102, in application
    init_request(request)
    ~~~~~~~~~~~~^^^^^^^^^
  File "/workspace/frappe-bench/apps/frappe/frappe/app.py", line 184, in init_request
    frappe.init(site, sites_path=_sites_path, force=True)
    ~~~~~~~~~~~^^^^^^^^^^^^^^^^^^^^^^^^^^^^^^^^^^^^^^^^^^
  File "/workspace/frappe-bench/apps/frappe/frappe/__init__.py", line 211, in init
    setup_module_map(include_all_apps=not (frappe.request or frappe.job or frappe.flags.in_migrate))
    ~~~~~~~~~~~~~~~~^^^^^^^^^^^^^^^^^^^^^^^^^^^^^^^^^^^^^^^^^^^^^^^^^^^^^^^^^^^^^^^^^^^^^^^^^^^^^^^^
  File "/workspace/frappe-bench/apps/frappe/frappe/__init__.py", line 1044, in setup_module_map
    for module in get_module_list(app):
                  ~~~~~~~~~~~~~~~^^^^^
  File "/workspace/frappe-bench/apps/frappe/frappe/__init__.py", line 885, in get_module_list
    return get_file_items(get_app_path(app_name, "modules.txt"))
                          ~~~~~~~~~~~~^^^^^^^^^^^^^^^^^^^^^^^^^
  File "/workspace/frappe-bench/apps/frappe/frappe/__init__.py", line 850, in get_app_path
    return get_pymodule_path(app_name, *joins)
  File "/workspace/frappe-bench/apps/frappe/frappe/__init__.py", line 880, in get_pymodule_path
    return abspath(join(dirname(get_module(scrub(modulename)).__file__ or ""), *joins))
                                ~~~~~~~~~~^^^^^^^^^^^^^^^^^^^
  File "/workspace/frappe-bench/apps/frappe/frappe/__init__.py", line 821, in get_module
    return importlib.import_module(modulename)
           ~~~~~~~~~~~~~~~~~~~~~~~^^^^^^^^^^^^
  File "/home/frappe/.pyenv/versions/3.14.2/lib/python3.14/importlib/__init__.py", line 88, in import_module
    return _bootstrap._gcd_import(name[level:], package, level)
           ~~~~~~~~~~~~~~~~~~~~~~^^^^^^^^^^^^^^^^^^^^^^^^^^^^^^
  File "<frozen importlib._bootstrap>", line 1398, in _gcd_import
  File "<frozen importlib._bootstrap>", line 1371, in _find_and_load
  File "<frozen importlib._bootstrap>", line 1335, in _find_and_load_unlocked
ModuleNotFoundError: No module named 'hrms_saas'

During handling of the above exception, another exception occurred:

Traceback (most recent call last):
  File "/workspace/frappe-bench/apps/frappe/frappe/translate.py", line 164, in get_all_translations
    return frappe.cache.hget(MERGED_TRANSLATION_KEY, lang, generator=_merge_translations)
           ~~~~~~~~~~~~~~~~~^^^^^^^^^^^^^^^^^^^^^^^^^^^^^^^^^^^^^^^^^^^^^^^^^^^^^^^^^^^^^
  File "/workspace/frappe-bench/apps/frappe/frappe/utils/redis_wrapper.py", line 256, in hget
    value = generator()
  File "/workspace/frappe-bench/apps/frappe/frappe/translate.py", line 152, in _merge_translations
    all_translations.update(get_translations_from_apps(lang))
                            ~~~~~~~~~~~~~~~~~~~~~~~~~~^^^^^^
  File "/workspace/frappe-bench/apps/frappe/frappe/translate.py", line 180, in get_translations_from_apps
    translations.update(get_translations_from_csv(lang, app) or {})
                        ~~~~~~~~~~~~~~~~~~~~~~~~~^^^^^^^^^^^
  File "/workspace/frappe-bench/apps/frappe/frappe/translate.py", line 192, in get_translations_from_csv
    os.path.join(frappe.get_app_path(app, "translations"), lang + ".csv"), lang, app
                 ~~~~~~~~~~~~~~~~~~~^^^^^^^^^^^^^^^^^^^^^
  File "/workspace/frappe-bench/apps/frappe/frappe/__init__.py", line 850, in get_app_path
    return get_pymodule_path(app_name, *joins)
  File "/workspace/frappe-bench/apps/frappe/frappe/__init__.py", line 880, in get_pymodule_path
    return abspath(join(dirname(get_module(scrub(modulename)).__file__ or ""), *joins))
                                ~~~~~~~~~~^^^^^^^^^^^^^^^^^^^
  File "/workspace/frappe-bench/apps/frappe/frappe/__init__.py", line 821, in get_module
    return importlib.import_module(modulename)
           ~~~~~~~~~~~~~~~~~~~~~~~^^^^^^^^^^^^
  File "/home/frappe/.pyenv/versions/3.14.2/lib/python3.14/importlib/__init__.py", line 88, in import_module
    return _bootstrap._gcd_import(name[level:], package, level)
           ~~~~~~~~~~~~~~~~~~~~~~^^^^^^^^^^^^^^^^^^^^^^^^^^^^^^
  File "<frozen importlib._bootstrap>", line 1398, in _gcd_import
  File "<frozen importlib._bootstrap>", line 1371, in _find_and_load
  File "<frozen importlib._bootstrap>", line 1335, in _find_and_load_unlocked
ModuleNotFoundError: No module named 'hrms_saas'
2026-07-08 08:28:11,708 ERROR frappe Unable to load translations
Site: frontend
Form Dict: {}
Traceback (most recent call last):
  File "/workspace/frappe-bench/apps/frappe/frappe/app.py", line 102, in application
    init_request(request)
    ~~~~~~~~~~~~^^^^^^^^^
  File "/workspace/frappe-bench/apps/frappe/frappe/app.py", line 184, in init_request
    frappe.init(site, sites_path=_sites_path, force=True)
    ~~~~~~~~~~~^^^^^^^^^^^^^^^^^^^^^^^^^^^^^^^^^^^^^^^^^^
  File "/workspace/frappe-bench/apps/frappe/frappe/__init__.py", line 211, in init
    setup_module_map(include_all_apps=not (frappe.request or frappe.job or frappe.flags.in_migrate))
    ~~~~~~~~~~~~~~~~^^^^^^^^^^^^^^^^^^^^^^^^^^^^^^^^^^^^^^^^^^^^^^^^^^^^^^^^^^^^^^^^^^^^^^^^^^^^^^^^
  File "/workspace/frappe-bench/apps/frappe/frappe/__init__.py", line 1044, in setup_module_map
    for module in get_module_list(app):
                  ~~~~~~~~~~~~~~~^^^^^
  File "/workspace/frappe-bench/apps/frappe/frappe/__init__.py", line 885, in get_module_list
    return get_file_items(get_app_path(app_name, "modules.txt"))
                          ~~~~~~~~~~~~^^^^^^^^^^^^^^^^^^^^^^^^^
  File "/workspace/frappe-bench/apps/frappe/frappe/__init__.py", line 850, in get_app_path
    return get_pymodule_path(app_name, *joins)
  File "/workspace/frappe-bench/apps/frappe/frappe/__init__.py", line 880, in get_pymodule_path
    return abspath(join(dirname(get_module(scrub(modulename)).__file__ or ""), *joins))
                                ~~~~~~~~~~^^^^^^^^^^^^^^^^^^^
  File "/workspace/frappe-bench/apps/frappe/frappe/__init__.py", line 821, in get_module
    return importlib.import_module(modulename)
           ~~~~~~~~~~~~~~~~~~~~~~~^^^^^^^^^^^^
  File "/home/frappe/.pyenv/versions/3.14.2/lib/python3.14/importlib/__init__.py", line 88, in import_module
    return _bootstrap._gcd_import(name[level:], package, level)
           ~~~~~~~~~~~~~~~~~~~~~~^^^^^^^^^^^^^^^^^^^^^^^^^^^^^^
  File "<frozen importlib._bootstrap>", line 1398, in _gcd_import
  File "<frozen importlib._bootstrap>", line 1371, in _find_and_load
  File "<frozen importlib._bootstrap>", line 1335, in _find_and_load_unlocked
ModuleNotFoundError: No module named 'hrms_saas'

During handling of the above exception, another exception occurred:

Traceback (most recent call last):
  File "/workspace/frappe-bench/apps/frappe/frappe/translate.py", line 164, in get_all_translations
    return frappe.cache.hget(MERGED_TRANSLATION_KEY, lang, generator=_merge_translations)
           ~~~~~~~~~~~~~~~~~^^^^^^^^^^^^^^^^^^^^^^^^^^^^^^^^^^^^^^^^^^^^^^^^^^^^^^^^^^^^^
  File "/workspace/frappe-bench/apps/frappe/frappe/utils/redis_wrapper.py", line 256, in hget
    value = generator()
  File "/workspace/frappe-bench/apps/frappe/frappe/translate.py", line 152, in _merge_translations
    all_translations.update(get_translations_from_apps(lang))
                            ~~~~~~~~~~~~~~~~~~~~~~~~~~^^^^^^
  File "/workspace/frappe-bench/apps/frappe/frappe/translate.py", line 180, in get_translations_from_apps
    translations.update(get_translations_from_csv(lang, app) or {})
                        ~~~~~~~~~~~~~~~~~~~~~~~~~^^^^^^^^^^^
  File "/workspace/frappe-bench/apps/frappe/frappe/translate.py", line 192, in get_translations_from_csv
    os.path.join(frappe.get_app_path(app, "translations"), lang + ".csv"), lang, app
                 ~~~~~~~~~~~~~~~~~~~^^^^^^^^^^^^^^^^^^^^^
  File "/workspace/frappe-bench/apps/frappe/frappe/__init__.py", line 850, in get_app_path
    return get_pymodule_path(app_name, *joins)
  File "/workspace/frappe-bench/apps/frappe/frappe/__init__.py", line 880, in get_pymodule_path
    return abspath(join(dirname(get_module(scrub(modulename)).__file__ or ""), *joins))
                                ~~~~~~~~~~^^^^^^^^^^^^^^^^^^^
  File "/workspace/frappe-bench/apps/frappe/frappe/__init__.py", line 821, in get_module
    return importlib.import_module(modulename)
           ~~~~~~~~~~~~~~~~~~~~~~~^^^^^^^^^^^^
  File "/home/frappe/.pyenv/versions/3.14.2/lib/python3.14/importlib/__init__.py", line 88, in import_module
    return _bootstrap._gcd_import(name[level:], package, level)
           ~~~~~~~~~~~~~~~~~~~~~~^^^^^^^^^^^^^^^^^^^^^^^^^^^^^^
  File "<frozen importlib._bootstrap>", line 1398, in _gcd_import
  File "<frozen importlib._bootstrap>", line 1371, in _find_and_load
  File "<frozen importlib._bootstrap>", line 1335, in _find_and_load_unlocked
ModuleNotFoundError: No module named 'hrms_saas'
2026-07-08 08:28:12,811 ERROR frappe Unable to load translations
Site: frontend
Form Dict: {}
Traceback (most recent call last):
  File "/workspace/frappe-bench/apps/frappe/frappe/app.py", line 102, in application
    init_request(request)
    ~~~~~~~~~~~~^^^^^^^^^
  File "/workspace/frappe-bench/apps/frappe/frappe/app.py", line 184, in init_request
    frappe.init(site, sites_path=_sites_path, force=True)
    ~~~~~~~~~~~^^^^^^^^^^^^^^^^^^^^^^^^^^^^^^^^^^^^^^^^^^
  File "/workspace/frappe-bench/apps/frappe/frappe/__init__.py", line 211, in init
    setup_module_map(include_all_apps=not (frappe.request or frappe.job or frappe.flags.in_migrate))
    ~~~~~~~~~~~~~~~~^^^^^^^^^^^^^^^^^^^^^^^^^^^^^^^^^^^^^^^^^^^^^^^^^^^^^^^^^^^^^^^^^^^^^^^^^^^^^^^^
  File "/workspace/frappe-bench/apps/frappe/frappe/__init__.py", line 1044, in setup_module_map
    for module in get_module_list(app):
                  ~~~~~~~~~~~~~~~^^^^^
  File "/workspace/frappe-bench/apps/frappe/frappe/__init__.py", line 885, in get_module_list
    return get_file_items(get_app_path(app_name, "modules.txt"))
                          ~~~~~~~~~~~~^^^^^^^^^^^^^^^^^^^^^^^^^
  File "/workspace/frappe-bench/apps/frappe/frappe/__init__.py", line 850, in get_app_path
    return get_pymodule_path(app_name, *joins)
  File "/workspace/frappe-bench/apps/frappe/frappe/__init__.py", line 880, in get_pymodule_path
    return abspath(join(dirname(get_module(scrub(modulename)).__file__ or ""), *joins))
                                ~~~~~~~~~~^^^^^^^^^^^^^^^^^^^
  File "/workspace/frappe-bench/apps/frappe/frappe/__init__.py", line 821, in get_module
    return importlib.import_module(modulename)
           ~~~~~~~~~~~~~~~~~~~~~~~^^^^^^^^^^^^
  File "/home/frappe/.pyenv/versions/3.14.2/lib/python3.14/importlib/__init__.py", line 88, in import_module
    return _bootstrap._gcd_import(name[level:], package, level)
           ~~~~~~~~~~~~~~~~~~~~~~^^^^^^^^^^^^^^^^^^^^^^^^^^^^^^
  File "<frozen importlib._bootstrap>", line 1398, in _gcd_import
  File "<frozen importlib._bootstrap>", line 1371, in _find_and_load
  File "<frozen importlib._bootstrap>", line 1335, in _find_and_load_unlocked
ModuleNotFoundError: No module named 'hrms_saas'

During handling of the above exception, another exception occurred:

Traceback (most recent call last):
  File "/workspace/frappe-bench/apps/frappe/frappe/translate.py", line 164, in get_all_translations
    return frappe.cache.hget(MERGED_TRANSLATION_KEY, lang, generator=_merge_translations)
           ~~~~~~~~~~~~~~~~~^^^^^^^^^^^^^^^^^^^^^^^^^^^^^^^^^^^^^^^^^^^^^^^^^^^^^^^^^^^^^
  File "/workspace/frappe-bench/apps/frappe/frappe/utils/redis_wrapper.py", line 256, in hget
    value = generator()
  File "/workspace/frappe-bench/apps/frappe/frappe/translate.py", line 152, in _merge_translations
    all_translations.update(get_translations_from_apps(lang))
                            ~~~~~~~~~~~~~~~~~~~~~~~~~~^^^^^^
  File "/workspace/frappe-bench/apps/frappe/frappe/translate.py", line 180, in get_translations_from_apps
    translations.update(get_translations_from_csv(lang, app) or {})
                        ~~~~~~~~~~~~~~~~~~~~~~~~~^^^^^^^^^^^
  File "/workspace/frappe-bench/apps/frappe/frappe/translate.py", line 192, in get_translations_from_csv
    os.path.join(frappe.get_app_path(app, "translations"), lang + ".csv"), lang, app
                 ~~~~~~~~~~~~~~~~~~~^^^^^^^^^^^^^^^^^^^^^
  File "/workspace/frappe-bench/apps/frappe/frappe/__init__.py", line 850, in get_app_path
    return get_pymodule_path(app_name, *joins)
  File "/workspace/frappe-bench/apps/frappe/frappe/__init__.py", line 880, in get_pymodule_path
    return abspath(join(dirname(get_module(scrub(modulename)).__file__ or ""), *joins))
                                ~~~~~~~~~~^^^^^^^^^^^^^^^^^^^
  File "/workspace/frappe-bench/apps/frappe/frappe/__init__.py", line 821, in get_module
    return importlib.import_module(modulename)
           ~~~~~~~~~~~~~~~~~~~~~~~^^^^^^^^^^^^
  File "/home/frappe/.pyenv/versions/3.14.2/lib/python3.14/importlib/__init__.py", line 88, in import_module
    return _bootstrap._gcd_import(name[level:], package, level)
           ~~~~~~~~~~~~~~~~~~~~~~^^^^^^^^^^^^^^^^^^^^^^^^^^^^^^
  File "<frozen importlib._bootstrap>", line 1398, in _gcd_import
  File "<frozen importlib._bootstrap>", line 1371, in _find_and_load
  File "<frozen importlib._bootstrap>", line 1335, in _find_and_load_unlocked
ModuleNotFoundError: No module named 'hrms_saas'
2026-07-08 08:28:12,815 ERROR frappe Unable to load translations
Site: frontend
Form Dict: {}
Traceback (most recent call last):
  File "/workspace/frappe-bench/apps/frappe/frappe/app.py", line 102, in application
    init_request(request)
    ~~~~~~~~~~~~^^^^^^^^^
  File "/workspace/frappe-bench/apps/frappe/frappe/app.py", line 184, in init_request
    frappe.init(site, sites_path=_sites_path, force=True)
    ~~~~~~~~~~~^^^^^^^^^^^^^^^^^^^^^^^^^^^^^^^^^^^^^^^^^^
  File "/workspace/frappe-bench/apps/frappe/frappe/__init__.py", line 211, in init
    setup_module_map(include_all_apps=not (frappe.request or frappe.job or frappe.flags.in_migrate))
    ~~~~~~~~~~~~~~~~^^^^^^^^^^^^^^^^^^^^^^^^^^^^^^^^^^^^^^^^^^^^^^^^^^^^^^^^^^^^^^^^^^^^^^^^^^^^^^^^
  File "/workspace/frappe-bench/apps/frappe/frappe/__init__.py", line 1044, in setup_module_map
    for module in get_module_list(app):
                  ~~~~~~~~~~~~~~~^^^^^
  File "/workspace/frappe-bench/apps/frappe/frappe/__init__.py", line 885, in get_module_list
    return get_file_items(get_app_path(app_name, "modules.txt"))
                          ~~~~~~~~~~~~^^^^^^^^^^^^^^^^^^^^^^^^^
  File "/workspace/frappe-bench/apps/frappe/frappe/__init__.py", line 850, in get_app_path
    return get_pymodule_path(app_name, *joins)
  File "/workspace/frappe-bench/apps/frappe/frappe/__init__.py", line 880, in get_pymodule_path
    return abspath(join(dirname(get_module(scrub(modulename)).__file__ or ""), *joins))
                                ~~~~~~~~~~^^^^^^^^^^^^^^^^^^^
  File "/workspace/frappe-bench/apps/frappe/frappe/__init__.py", line 821, in get_module
    return importlib.import_module(modulename)
           ~~~~~~~~~~~~~~~~~~~~~~~^^^^^^^^^^^^
  File "/home/frappe/.pyenv/versions/3.14.2/lib/python3.14/importlib/__init__.py", line 88, in import_module
    return _bootstrap._gcd_import(name[level:], package, level)
           ~~~~~~~~~~~~~~~~~~~~~~^^^^^^^^^^^^^^^^^^^^^^^^^^^^^^
  File "<frozen importlib._bootstrap>", line 1398, in _gcd_import
  File "<frozen importlib._bootstrap>", line 1371, in _find_and_load
  File "<frozen importlib._bootstrap>", line 1335, in _find_and_load_unlocked
ModuleNotFoundError: No module named 'hrms_saas'

During handling of the above exception, another exception occurred:

Traceback (most recent call last):
  File "/workspace/frappe-bench/apps/frappe/frappe/translate.py", line 164, in get_all_translations
    return frappe.cache.hget(MERGED_TRANSLATION_KEY, lang, generator=_merge_translations)
           ~~~~~~~~~~~~~~~~~^^^^^^^^^^^^^^^^^^^^^^^^^^^^^^^^^^^^^^^^^^^^^^^^^^^^^^^^^^^^^
  File "/workspace/frappe-bench/apps/frappe/frappe/utils/redis_wrapper.py", line 256, in hget
    value = generator()
  File "/workspace/frappe-bench/apps/frappe/frappe/translate.py", line 152, in _merge_translations
    all_translations.update(get_translations_from_apps(lang))
                            ~~~~~~~~~~~~~~~~~~~~~~~~~~^^^^^^
  File "/workspace/frappe-bench/apps/frappe/frappe/translate.py", line 180, in get_translations_from_apps
    translations.update(get_translations_from_csv(lang, app) or {})
                        ~~~~~~~~~~~~~~~~~~~~~~~~~^^^^^^^^^^^
  File "/workspace/frappe-bench/apps/frappe/frappe/translate.py", line 192, in get_translations_from_csv
    os.path.join(frappe.get_app_path(app, "translations"), lang + ".csv"), lang, app
                 ~~~~~~~~~~~~~~~~~~~^^^^^^^^^^^^^^^^^^^^^
  File "/workspace/frappe-bench/apps/frappe/frappe/__init__.py", line 850, in get_app_path
    return get_pymodule_path(app_name, *joins)
  File "/workspace/frappe-bench/apps/frappe/frappe/__init__.py", line 880, in get_pymodule_path
    return abspath(join(dirname(get_module(scrub(modulename)).__file__ or ""), *joins))
                                ~~~~~~~~~~^^^^^^^^^^^^^^^^^^^
  File "/workspace/frappe-bench/apps/frappe/frappe/__init__.py", line 821, in get_module
    return importlib.import_module(modulename)
           ~~~~~~~~~~~~~~~~~~~~~~~^^^^^^^^^^^^
  File "/home/frappe/.pyenv/versions/3.14.2/lib/python3.14/importlib/__init__.py", line 88, in import_module
    return _bootstrap._gcd_import(name[level:], package, level)
           ~~~~~~~~~~~~~~~~~~~~~~^^^^^^^^^^^^^^^^^^^^^^^^^^^^^^
  File "<frozen importlib._bootstrap>", line 1398, in _gcd_import
  File "<frozen importlib._bootstrap>", line 1371, in _find_and_load
  File "<frozen importlib._bootstrap>", line 1335, in _find_and_load_unlocked
ModuleNotFoundError: No module named 'hrms_saas'
2026-07-08 08:28:13,190 ERROR frappe Unable to load translations
Site: frontend
Form Dict: {}
Traceback (most recent call last):
  File "/workspace/frappe-bench/apps/frappe/frappe/app.py", line 102, in application
    init_request(request)
    ~~~~~~~~~~~~^^^^^^^^^
  File "/workspace/frappe-bench/apps/frappe/frappe/app.py", line 184, in init_request
    frappe.init(site, sites_path=_sites_path, force=True)
    ~~~~~~~~~~~^^^^^^^^^^^^^^^^^^^^^^^^^^^^^^^^^^^^^^^^^^
  File "/workspace/frappe-bench/apps/frappe/frappe/__init__.py", line 211, in init
    setup_module_map(include_all_apps=not (frappe.request or frappe.job or frappe.flags.in_migrate))
    ~~~~~~~~~~~~~~~~^^^^^^^^^^^^^^^^^^^^^^^^^^^^^^^^^^^^^^^^^^^^^^^^^^^^^^^^^^^^^^^^^^^^^^^^^^^^^^^^
  File "/workspace/frappe-bench/apps/frappe/frappe/__init__.py", line 1044, in setup_module_map
    for module in get_module_list(app):
                  ~~~~~~~~~~~~~~~^^^^^
  File "/workspace/frappe-bench/apps/frappe/frappe/__init__.py", line 885, in get_module_list
    return get_file_items(get_app_path(app_name, "modules.txt"))
                          ~~~~~~~~~~~~^^^^^^^^^^^^^^^^^^^^^^^^^
  File "/workspace/frappe-bench/apps/frappe/frappe/__init__.py", line 850, in get_app_path
    return get_pymodule_path(app_name, *joins)
  File "/workspace/frappe-bench/apps/frappe/frappe/__init__.py", line 880, in get_pymodule_path
    return abspath(join(dirname(get_module(scrub(modulename)).__file__ or ""), *joins))
                                ~~~~~~~~~~^^^^^^^^^^^^^^^^^^^
  File "/workspace/frappe-bench/apps/frappe/frappe/__init__.py", line 821, in get_module
    return importlib.import_module(modulename)
           ~~~~~~~~~~~~~~~~~~~~~~~^^^^^^^^^^^^
  File "/home/frappe/.pyenv/versions/3.14.2/lib/python3.14/importlib/__init__.py", line 88, in import_module
    return _bootstrap._gcd_import(name[level:], package, level)
           ~~~~~~~~~~~~~~~~~~~~~~^^^^^^^^^^^^^^^^^^^^^^^^^^^^^^
  File "<frozen importlib._bootstrap>", line 1398, in _gcd_import
  File "<frozen importlib._bootstrap>", line 1371, in _find_and_load
  File "<frozen importlib._bootstrap>", line 1335, in _find_and_load_unlocked
ModuleNotFoundError: No module named 'hrms_saas'

During handling of the above exception, another exception occurred:

Traceback (most recent call last):
  File "/workspace/frappe-bench/apps/frappe/frappe/translate.py", line 164, in get_all_translations
    return frappe.cache.hget(MERGED_TRANSLATION_KEY, lang, generator=_merge_translations)
           ~~~~~~~~~~~~~~~~~^^^^^^^^^^^^^^^^^^^^^^^^^^^^^^^^^^^^^^^^^^^^^^^^^^^^^^^^^^^^^
  File "/workspace/frappe-bench/apps/frappe/frappe/utils/redis_wrapper.py", line 256, in hget
    value = generator()
  File "/workspace/frappe-bench/apps/frappe/frappe/translate.py", line 152, in _merge_translations
    all_translations.update(get_translations_from_apps(lang))
                            ~~~~~~~~~~~~~~~~~~~~~~~~~~^^^^^^
  File "/workspace/frappe-bench/apps/frappe/frappe/translate.py", line 180, in get_translations_from_apps
    translations.update(get_translations_from_csv(lang, app) or {})
                        ~~~~~~~~~~~~~~~~~~~~~~~~~^^^^^^^^^^^
  File "/workspace/frappe-bench/apps/frappe/frappe/translate.py", line 192, in get_translations_from_csv
    os.path.join(frappe.get_app_path(app, "translations"), lang + ".csv"), lang, app
                 ~~~~~~~~~~~~~~~~~~~^^^^^^^^^^^^^^^^^^^^^
  File "/workspace/frappe-bench/apps/frappe/frappe/__init__.py", line 850, in get_app_path
    return get_pymodule_path(app_name, *joins)
  File "/workspace/frappe-bench/apps/frappe/frappe/__init__.py", line 880, in get_pymodule_path
    return abspath(join(dirname(get_module(scrub(modulename)).__file__ or ""), *joins))
                                ~~~~~~~~~~^^^^^^^^^^^^^^^^^^^
  File "/workspace/frappe-bench/apps/frappe/frappe/__init__.py", line 821, in get_module
    return importlib.import_module(modulename)
           ~~~~~~~~~~~~~~~~~~~~~~~^^^^^^^^^^^^
  File "/home/frappe/.pyenv/versions/3.14.2/lib/python3.14/importlib/__init__.py", line 88, in import_module
    return _bootstrap._gcd_import(name[level:], package, level)
           ~~~~~~~~~~~~~~~~~~~~~~^^^^^^^^^^^^^^^^^^^^^^^^^^^^^^
  File "<frozen importlib._bootstrap>", line 1398, in _gcd_import
  File "<frozen importlib._bootstrap>", line 1371, in _find_and_load
  File "<frozen importlib._bootstrap>", line 1335, in _find_and_load_unlocked
ModuleNotFoundError: No module named 'hrms_saas'
2026-07-08 08:28:13,194 ERROR frappe Unable to load translations
Site: frontend
Form Dict: {}
Traceback (most recent call last):
  File "/workspace/frappe-bench/apps/frappe/frappe/app.py", line 102, in application
    init_request(request)
    ~~~~~~~~~~~~^^^^^^^^^
  File "/workspace/frappe-bench/apps/frappe/frappe/app.py", line 184, in init_request
    frappe.init(site, sites_path=_sites_path, force=True)
    ~~~~~~~~~~~^^^^^^^^^^^^^^^^^^^^^^^^^^^^^^^^^^^^^^^^^^
  File "/workspace/frappe-bench/apps/frappe/frappe/__init__.py", line 211, in init
    setup_module_map(include_all_apps=not (frappe.request or frappe.job or frappe.flags.in_migrate))
    ~~~~~~~~~~~~~~~~^^^^^^^^^^^^^^^^^^^^^^^^^^^^^^^^^^^^^^^^^^^^^^^^^^^^^^^^^^^^^^^^^^^^^^^^^^^^^^^^
  File "/workspace/frappe-bench/apps/frappe/frappe/__init__.py", line 1044, in setup_module_map
    for module in get_module_list(app):
                  ~~~~~~~~~~~~~~~^^^^^
  File "/workspace/frappe-bench/apps/frappe/frappe/__init__.py", line 885, in get_module_list
    return get_file_items(get_app_path(app_name, "modules.txt"))
                          ~~~~~~~~~~~~^^^^^^^^^^^^^^^^^^^^^^^^^
  File "/workspace/frappe-bench/apps/frappe/frappe/__init__.py", line 850, in get_app_path
    return get_pymodule_path(app_name, *joins)
  File "/workspace/frappe-bench/apps/frappe/frappe/__init__.py", line 880, in get_pymodule_path
    return abspath(join(dirname(get_module(scrub(modulename)).__file__ or ""), *joins))
                                ~~~~~~~~~~^^^^^^^^^^^^^^^^^^^
  File "/workspace/frappe-bench/apps/frappe/frappe/__init__.py", line 821, in get_module
    return importlib.import_module(modulename)
           ~~~~~~~~~~~~~~~~~~~~~~~^^^^^^^^^^^^
  File "/home/frappe/.pyenv/versions/3.14.2/lib/python3.14/importlib/__init__.py", line 88, in import_module
    return _bootstrap._gcd_import(name[level:], package, level)
           ~~~~~~~~~~~~~~~~~~~~~~^^^^^^^^^^^^^^^^^^^^^^^^^^^^^^
  File "<frozen importlib._bootstrap>", line 1398, in _gcd_import
  File "<frozen importlib._bootstrap>", line 1371, in _find_and_load
  File "<frozen importlib._bootstrap>", line 1335, in _find_and_load_unlocked
ModuleNotFoundError: No module named 'hrms_saas'

During handling of the above exception, another exception occurred:

Traceback (most recent call last):
  File "/workspace/frappe-bench/apps/frappe/frappe/translate.py", line 164, in get_all_translations
    return frappe.cache.hget(MERGED_TRANSLATION_KEY, lang, generator=_merge_translations)
           ~~~~~~~~~~~~~~~~~^^^^^^^^^^^^^^^^^^^^^^^^^^^^^^^^^^^^^^^^^^^^^^^^^^^^^^^^^^^^^
  File "/workspace/frappe-bench/apps/frappe/frappe/utils/redis_wrapper.py", line 256, in hget
    value = generator()
  File "/workspace/frappe-bench/apps/frappe/frappe/translate.py", line 152, in _merge_translations
    all_translations.update(get_translations_from_apps(lang))
                            ~~~~~~~~~~~~~~~~~~~~~~~~~~^^^^^^
  File "/workspace/frappe-bench/apps/frappe/frappe/translate.py", line 180, in get_translations_from_apps
    translations.update(get_translations_from_csv(lang, app) or {})
                        ~~~~~~~~~~~~~~~~~~~~~~~~~^^^^^^^^^^^
  File "/workspace/frappe-bench/apps/frappe/frappe/translate.py", line 192, in get_translations_from_csv
    os.path.join(frappe.get_app_path(app, "translations"), lang + ".csv"), lang, app
                 ~~~~~~~~~~~~~~~~~~~^^^^^^^^^^^^^^^^^^^^^
  File "/workspace/frappe-bench/apps/frappe/frappe/__init__.py", line 850, in get_app_path
    return get_pymodule_path(app_name, *joins)
  File "/workspace/frappe-bench/apps/frappe/frappe/__init__.py", line 880, in get_pymodule_path
    return abspath(join(dirname(get_module(scrub(modulename)).__file__ or ""), *joins))
                                ~~~~~~~~~~^^^^^^^^^^^^^^^^^^^
  File "/workspace/frappe-bench/apps/frappe/frappe/__init__.py", line 821, in get_module
    return importlib.import_module(modulename)
           ~~~~~~~~~~~~~~~~~~~~~~~^^^^^^^^^^^^
  File "/home/frappe/.pyenv/versions/3.14.2/lib/python3.14/importlib/__init__.py", line 88, in import_module
    return _bootstrap._gcd_import(name[level:], package, level)
           ~~~~~~~~~~~~~~~~~~~~~~^^^^^^^^^^^^^^^^^^^^^^^^^^^^^^
  File "<frozen importlib._bootstrap>", line 1398, in _gcd_import
  File "<frozen importlib._bootstrap>", line 1371, in _find_and_load
  File "<frozen importlib._bootstrap>", line 1335, in _find_and_load_unlocked
ModuleNotFoundError: No module named 'hrms_saas'
2026-07-08 08:28:13,795 ERROR frappe Unable to load translations
Site: frontend
Form Dict: {}
Traceback (most recent call last):
  File "/workspace/frappe-bench/apps/frappe/frappe/app.py", line 102, in application
    init_request(request)
    ~~~~~~~~~~~~^^^^^^^^^
  File "/workspace/frappe-bench/apps/frappe/frappe/app.py", line 184, in init_request
    frappe.init(site, sites_path=_sites_path, force=True)
    ~~~~~~~~~~~^^^^^^^^^^^^^^^^^^^^^^^^^^^^^^^^^^^^^^^^^^
  File "/workspace/frappe-bench/apps/frappe/frappe/__init__.py", line 211, in init
    setup_module_map(include_all_apps=not (frappe.request or frappe.job or frappe.flags.in_migrate))
    ~~~~~~~~~~~~~~~~^^^^^^^^^^^^^^^^^^^^^^^^^^^^^^^^^^^^^^^^^^^^^^^^^^^^^^^^^^^^^^^^^^^^^^^^^^^^^^^^
  File "/workspace/frappe-bench/apps/frappe/frappe/__init__.py", line 1044, in setup_module_map
    for module in get_module_list(app):
                  ~~~~~~~~~~~~~~~^^^^^
  File "/workspace/frappe-bench/apps/frappe/frappe/__init__.py", line 885, in get_module_list
    return get_file_items(get_app_path(app_name, "modules.txt"))
                          ~~~~~~~~~~~~^^^^^^^^^^^^^^^^^^^^^^^^^
  File "/workspace/frappe-bench/apps/frappe/frappe/__init__.py", line 850, in get_app_path
    return get_pymodule_path(app_name, *joins)
  File "/workspace/frappe-bench/apps/frappe/frappe/__init__.py", line 880, in get_pymodule_path
    return abspath(join(dirname(get_module(scrub(modulename)).__file__ or ""), *joins))
                                ~~~~~~~~~~^^^^^^^^^^^^^^^^^^^
  File "/workspace/frappe-bench/apps/frappe/frappe/__init__.py", line 821, in get_module
    return importlib.import_module(modulename)
           ~~~~~~~~~~~~~~~~~~~~~~~^^^^^^^^^^^^
  File "/home/frappe/.pyenv/versions/3.14.2/lib/python3.14/importlib/__init__.py", line 88, in import_module
    return _bootstrap._gcd_import(name[level:], package, level)
           ~~~~~~~~~~~~~~~~~~~~~~^^^^^^^^^^^^^^^^^^^^^^^^^^^^^^
  File "<frozen importlib._bootstrap>", line 1398, in _gcd_import
  File "<frozen importlib._bootstrap>", line 1371, in _find_and_load
  File "<frozen importlib._bootstrap>", line 1335, in _find_and_load_unlocked
ModuleNotFoundError: No module named 'hrms_saas'

During handling of the above exception, another exception occurred:

Traceback (most recent call last):
  File "/workspace/frappe-bench/apps/frappe/frappe/translate.py", line 164, in get_all_translations
    return frappe.cache.hget(MERGED_TRANSLATION_KEY, lang, generator=_merge_translations)
           ~~~~~~~~~~~~~~~~~^^^^^^^^^^^^^^^^^^^^^^^^^^^^^^^^^^^^^^^^^^^^^^^^^^^^^^^^^^^^^
  File "/workspace/frappe-bench/apps/frappe/frappe/utils/redis_wrapper.py", line 256, in hget
    value = generator()
  File "/workspace/frappe-bench/apps/frappe/frappe/translate.py", line 152, in _merge_translations
    all_translations.update(get_translations_from_apps(lang))
                            ~~~~~~~~~~~~~~~~~~~~~~~~~~^^^^^^
  File "/workspace/frappe-bench/apps/frappe/frappe/translate.py", line 180, in get_translations_from_apps
    translations.update(get_translations_from_csv(lang, app) or {})
                        ~~~~~~~~~~~~~~~~~~~~~~~~~^^^^^^^^^^^
  File "/workspace/frappe-bench/apps/frappe/frappe/translate.py", line 192, in get_translations_from_csv
    os.path.join(frappe.get_app_path(app, "translations"), lang + ".csv"), lang, app
                 ~~~~~~~~~~~~~~~~~~~^^^^^^^^^^^^^^^^^^^^^
  File "/workspace/frappe-bench/apps/frappe/frappe/__init__.py", line 850, in get_app_path
    return get_pymodule_path(app_name, *joins)
  File "/workspace/frappe-bench/apps/frappe/frappe/__init__.py", line 880, in get_pymodule_path
    return abspath(join(dirname(get_module(scrub(modulename)).__file__ or ""), *joins))
                                ~~~~~~~~~~^^^^^^^^^^^^^^^^^^^
  File "/workspace/frappe-bench/apps/frappe/frappe/__init__.py", line 821, in get_module
    return importlib.import_module(modulename)
           ~~~~~~~~~~~~~~~~~~~~~~~^^^^^^^^^^^^
  File "/home/frappe/.pyenv/versions/3.14.2/lib/python3.14/importlib/__init__.py", line 88, in import_module
    return _bootstrap._gcd_import(name[level:], package, level)
           ~~~~~~~~~~~~~~~~~~~~~~^^^^^^^^^^^^^^^^^^^^^^^^^^^^^^
  File "<frozen importlib._bootstrap>", line 1398, in _gcd_import
  File "<frozen importlib._bootstrap>", line 1371, in _find_and_load
  File "<frozen importlib._bootstrap>", line 1335, in _find_and_load_unlocked
ModuleNotFoundError: No module named 'hrms_saas'
2026-07-08 08:28:13,799 ERROR frappe Unable to load translations
Site: frontend
Form Dict: {}
Traceback (most recent call last):
  File "/workspace/frappe-bench/apps/frappe/frappe/app.py", line 102, in application
    init_request(request)
    ~~~~~~~~~~~~^^^^^^^^^
  File "/workspace/frappe-bench/apps/frappe/frappe/app.py", line 184, in init_request
    frappe.init(site, sites_path=_sites_path, force=True)
    ~~~~~~~~~~~^^^^^^^^^^^^^^^^^^^^^^^^^^^^^^^^^^^^^^^^^^
  File "/workspace/frappe-bench/apps/frappe/frappe/__init__.py", line 211, in init
    setup_module_map(include_all_apps=not (frappe.request or frappe.job or frappe.flags.in_migrate))
    ~~~~~~~~~~~~~~~~^^^^^^^^^^^^^^^^^^^^^^^^^^^^^^^^^^^^^^^^^^^^^^^^^^^^^^^^^^^^^^^^^^^^^^^^^^^^^^^^
  File "/workspace/frappe-bench/apps/frappe/frappe/__init__.py", line 1044, in setup_module_map
    for module in get_module_list(app):
                  ~~~~~~~~~~~~~~~^^^^^
  File "/workspace/frappe-bench/apps/frappe/frappe/__init__.py", line 885, in get_module_list
    return get_file_items(get_app_path(app_name, "modules.txt"))
                          ~~~~~~~~~~~~^^^^^^^^^^^^^^^^^^^^^^^^^
  File "/workspace/frappe-bench/apps/frappe/frappe/__init__.py", line 850, in get_app_path
    return get_pymodule_path(app_name, *joins)
  File "/workspace/frappe-bench/apps/frappe/frappe/__init__.py", line 880, in get_pymodule_path
    return abspath(join(dirname(get_module(scrub(modulename)).__file__ or ""), *joins))
                                ~~~~~~~~~~^^^^^^^^^^^^^^^^^^^
  File "/workspace/frappe-bench/apps/frappe/frappe/__init__.py", line 821, in get_module
    return importlib.import_module(modulename)
           ~~~~~~~~~~~~~~~~~~~~~~~^^^^^^^^^^^^
  File "/home/frappe/.pyenv/versions/3.14.2/lib/python3.14/importlib/__init__.py", line 88, in import_module
    return _bootstrap._gcd_import(name[level:], package, level)
           ~~~~~~~~~~~~~~~~~~~~~~^^^^^^^^^^^^^^^^^^^^^^^^^^^^^^
  File "<frozen importlib._bootstrap>", line 1398, in _gcd_import
  File "<frozen importlib._bootstrap>", line 1371, in _find_and_load
  File "<frozen importlib._bootstrap>", line 1335, in _find_and_load_unlocked
ModuleNotFoundError: No module named 'hrms_saas'

During handling of the above exception, another exception occurred:

Traceback (most recent call last):
  File "/workspace/frappe-bench/apps/frappe/frappe/translate.py", line 164, in get_all_translations
    return frappe.cache.hget(MERGED_TRANSLATION_KEY, lang, generator=_merge_translations)
           ~~~~~~~~~~~~~~~~~^^^^^^^^^^^^^^^^^^^^^^^^^^^^^^^^^^^^^^^^^^^^^^^^^^^^^^^^^^^^^
  File "/workspace/frappe-bench/apps/frappe/frappe/utils/redis_wrapper.py", line 256, in hget
    value = generator()
  File "/workspace/frappe-bench/apps/frappe/frappe/translate.py", line 152, in _merge_translations
    all_translations.update(get_translations_from_apps(lang))
                            ~~~~~~~~~~~~~~~~~~~~~~~~~~^^^^^^
  File "/workspace/frappe-bench/apps/frappe/frappe/translate.py", line 180, in get_translations_from_apps
    translations.update(get_translations_from_csv(lang, app) or {})
                        ~~~~~~~~~~~~~~~~~~~~~~~~~^^^^^^^^^^^
  File "/workspace/frappe-bench/apps/frappe/frappe/translate.py", line 192, in get_translations_from_csv
    os.path.join(frappe.get_app_path(app, "translations"), lang + ".csv"), lang, app
                 ~~~~~~~~~~~~~~~~~~~^^^^^^^^^^^^^^^^^^^^^
  File "/workspace/frappe-bench/apps/frappe/frappe/__init__.py", line 850, in get_app_path
    return get_pymodule_path(app_name, *joins)
  File "/workspace/frappe-bench/apps/frappe/frappe/__init__.py", line 880, in get_pymodule_path
    return abspath(join(dirname(get_module(scrub(modulename)).__file__ or ""), *joins))
                                ~~~~~~~~~~^^^^^^^^^^^^^^^^^^^
  File "/workspace/frappe-bench/apps/frappe/frappe/__init__.py", line 821, in get_module
    return importlib.import_module(modulename)
           ~~~~~~~~~~~~~~~~~~~~~~~^^^^^^^^^^^^
  File "/home/frappe/.pyenv/versions/3.14.2/lib/python3.14/importlib/__init__.py", line 88, in import_module
    return _bootstrap._gcd_import(name[level:], package, level)
           ~~~~~~~~~~~~~~~~~~~~~~^^^^^^^^^^^^^^^^^^^^^^^^^^^^^^
  File "<frozen importlib._bootstrap>", line 1398, in _gcd_import
  File "<frozen importlib._bootstrap>", line 1371, in _find_and_load
  File "<frozen importlib._bootstrap>", line 1335, in _find_and_load_unlocked
ModuleNotFoundError: No module named 'hrms_saas'
2026-07-08 08:28:15,742 ERROR frappe Unable to load translations
Site: frontend
Form Dict: {}
Traceback (most recent call last):
  File "/workspace/frappe-bench/apps/frappe/frappe/app.py", line 102, in application
    init_request(request)
    ~~~~~~~~~~~~^^^^^^^^^
  File "/workspace/frappe-bench/apps/frappe/frappe/app.py", line 184, in init_request
    frappe.init(site, sites_path=_sites_path, force=True)
    ~~~~~~~~~~~^^^^^^^^^^^^^^^^^^^^^^^^^^^^^^^^^^^^^^^^^^
  File "/workspace/frappe-bench/apps/frappe/frappe/__init__.py", line 211, in init
    setup_module_map(include_all_apps=not (frappe.request or frappe.job or frappe.flags.in_migrate))
    ~~~~~~~~~~~~~~~~^^^^^^^^^^^^^^^^^^^^^^^^^^^^^^^^^^^^^^^^^^^^^^^^^^^^^^^^^^^^^^^^^^^^^^^^^^^^^^^^
  File "/workspace/frappe-bench/apps/frappe/frappe/__init__.py", line 1044, in setup_module_map
    for module in get_module_list(app):
                  ~~~~~~~~~~~~~~~^^^^^
  File "/workspace/frappe-bench/apps/frappe/frappe/__init__.py", line 885, in get_module_list
    return get_file_items(get_app_path(app_name, "modules.txt"))
                          ~~~~~~~~~~~~^^^^^^^^^^^^^^^^^^^^^^^^^
  File "/workspace/frappe-bench/apps/frappe/frappe/__init__.py", line 850, in get_app_path
    return get_pymodule_path(app_name, *joins)
  File "/workspace/frappe-bench/apps/frappe/frappe/__init__.py", line 880, in get_pymodule_path
    return abspath(join(dirname(get_module(scrub(modulename)).__file__ or ""), *joins))
                                ~~~~~~~~~~^^^^^^^^^^^^^^^^^^^
  File "/workspace/frappe-bench/apps/frappe/frappe/__init__.py", line 821, in get_module
    return importlib.import_module(modulename)
           ~~~~~~~~~~~~~~~~~~~~~~~^^^^^^^^^^^^
  File "/home/frappe/.pyenv/versions/3.14.2/lib/python3.14/importlib/__init__.py", line 88, in import_module
    return _bootstrap._gcd_import(name[level:], package, level)
           ~~~~~~~~~~~~~~~~~~~~~~^^^^^^^^^^^^^^^^^^^^^^^^^^^^^^
  File "<frozen importlib._bootstrap>", line 1398, in _gcd_import
  File "<frozen importlib._bootstrap>", line 1371, in _find_and_load
  File "<frozen importlib._bootstrap>", line 1335, in _find_and_load_unlocked
ModuleNotFoundError: No module named 'hrms_saas'

During handling of the above exception, another exception occurred:

Traceback (most recent call last):
  File "/workspace/frappe-bench/apps/frappe/frappe/translate.py", line 164, in get_all_translations
    return frappe.cache.hget(MERGED_TRANSLATION_KEY, lang, generator=_merge_translations)
           ~~~~~~~~~~~~~~~~~^^^^^^^^^^^^^^^^^^^^^^^^^^^^^^^^^^^^^^^^^^^^^^^^^^^^^^^^^^^^^
  File "/workspace/frappe-bench/apps/frappe/frappe/utils/redis_wrapper.py", line 256, in hget
    value = generator()
  File "/workspace/frappe-bench/apps/frappe/frappe/translate.py", line 152, in _merge_translations
    all_translations.update(get_translations_from_apps(lang))
                            ~~~~~~~~~~~~~~~~~~~~~~~~~~^^^^^^
  File "/workspace/frappe-bench/apps/frappe/frappe/translate.py", line 180, in get_translations_from_apps
    translations.update(get_translations_from_csv(lang, app) or {})
                        ~~~~~~~~~~~~~~~~~~~~~~~~~^^^^^^^^^^^
  File "/workspace/frappe-bench/apps/frappe/frappe/translate.py", line 192, in get_translations_from_csv
    os.path.join(frappe.get_app_path(app, "translations"), lang + ".csv"), lang, app
                 ~~~~~~~~~~~~~~~~~~~^^^^^^^^^^^^^^^^^^^^^
  File "/workspace/frappe-bench/apps/frappe/frappe/__init__.py", line 850, in get_app_path
    return get_pymodule_path(app_name, *joins)
  File "/workspace/frappe-bench/apps/frappe/frappe/__init__.py", line 880, in get_pymodule_path
    return abspath(join(dirname(get_module(scrub(modulename)).__file__ or ""), *joins))
                                ~~~~~~~~~~^^^^^^^^^^^^^^^^^^^
  File "/workspace/frappe-bench/apps/frappe/frappe/__init__.py", line 821, in get_module
    return importlib.import_module(modulename)
           ~~~~~~~~~~~~~~~~~~~~~~~^^^^^^^^^^^^
  File "/home/frappe/.pyenv/versions/3.14.2/lib/python3.14/importlib/__init__.py", line 88, in import_module
    return _bootstrap._gcd_import(name[level:], package, level)
           ~~~~~~~~~~~~~~~~~~~~~~^^^^^^^^^^^^^^^^^^^^^^^^^^^^^^
  File "<frozen importlib._bootstrap>", line 1398, in _gcd_import
  File "<frozen importlib._bootstrap>", line 1371, in _find_and_load
  File "<frozen importlib._bootstrap>", line 1335, in _find_and_load_unlocked
ModuleNotFoundError: No module named 'hrms_saas'
2026-07-08 08:28:15,746 ERROR frappe Unable to load translations
Site: frontend
Form Dict: {}
Traceback (most recent call last):
  File "/workspace/frappe-bench/apps/frappe/frappe/app.py", line 102, in application
    init_request(request)
    ~~~~~~~~~~~~^^^^^^^^^
  File "/workspace/frappe-bench/apps/frappe/frappe/app.py", line 184, in init_request
    frappe.init(site, sites_path=_sites_path, force=True)
    ~~~~~~~~~~~^^^^^^^^^^^^^^^^^^^^^^^^^^^^^^^^^^^^^^^^^^
  File "/workspace/frappe-bench/apps/frappe/frappe/__init__.py", line 211, in init
    setup_module_map(include_all_apps=not (frappe.request or frappe.job or frappe.flags.in_migrate))
    ~~~~~~~~~~~~~~~~^^^^^^^^^^^^^^^^^^^^^^^^^^^^^^^^^^^^^^^^^^^^^^^^^^^^^^^^^^^^^^^^^^^^^^^^^^^^^^^^
  File "/workspace/frappe-bench/apps/frappe/frappe/__init__.py", line 1044, in setup_module_map
    for module in get_module_list(app):
                  ~~~~~~~~~~~~~~~^^^^^
  File "/workspace/frappe-bench/apps/frappe/frappe/__init__.py", line 885, in get_module_list
    return get_file_items(get_app_path(app_name, "modules.txt"))
                          ~~~~~~~~~~~~^^^^^^^^^^^^^^^^^^^^^^^^^
  File "/workspace/frappe-bench/apps/frappe/frappe/__init__.py", line 850, in get_app_path
    return get_pymodule_path(app_name, *joins)
  File "/workspace/frappe-bench/apps/frappe/frappe/__init__.py", line 880, in get_pymodule_path
    return abspath(join(dirname(get_module(scrub(modulename)).__file__ or ""), *joins))
                                ~~~~~~~~~~^^^^^^^^^^^^^^^^^^^
  File "/workspace/frappe-bench/apps/frappe/frappe/__init__.py", line 821, in get_module
    return importlib.import_module(modulename)
           ~~~~~~~~~~~~~~~~~~~~~~~^^^^^^^^^^^^
  File "/home/frappe/.pyenv/versions/3.14.2/lib/python3.14/importlib/__init__.py", line 88, in import_module
    return _bootstrap._gcd_import(name[level:], package, level)
           ~~~~~~~~~~~~~~~~~~~~~~^^^^^^^^^^^^^^^^^^^^^^^^^^^^^^
  File "<frozen importlib._bootstrap>", line 1398, in _gcd_import
  File "<frozen importlib._bootstrap>", line 1371, in _find_and_load
  File "<frozen importlib._bootstrap>", line 1335, in _find_and_load_unlocked
ModuleNotFoundError: No module named 'hrms_saas'

During handling of the above exception, another exception occurred:

Traceback (most recent call last):
  File "/workspace/frappe-bench/apps/frappe/frappe/translate.py", line 164, in get_all_translations
    return frappe.cache.hget(MERGED_TRANSLATION_KEY, lang, generator=_merge_translations)
           ~~~~~~~~~~~~~~~~~^^^^^^^^^^^^^^^^^^^^^^^^^^^^^^^^^^^^^^^^^^^^^^^^^^^^^^^^^^^^^
  File "/workspace/frappe-bench/apps/frappe/frappe/utils/redis_wrapper.py", line 256, in hget
    value = generator()
  File "/workspace/frappe-bench/apps/frappe/frappe/translate.py", line 152, in _merge_translations
    all_translations.update(get_translations_from_apps(lang))
                            ~~~~~~~~~~~~~~~~~~~~~~~~~~^^^^^^
  File "/workspace/frappe-bench/apps/frappe/frappe/translate.py", line 180, in get_translations_from_apps
    translations.update(get_translations_from_csv(lang, app) or {})
                        ~~~~~~~~~~~~~~~~~~~~~~~~~^^^^^^^^^^^
  File "/workspace/frappe-bench/apps/frappe/frappe/translate.py", line 192, in get_translations_from_csv
    os.path.join(frappe.get_app_path(app, "translations"), lang + ".csv"), lang, app
                 ~~~~~~~~~~~~~~~~~~~^^^^^^^^^^^^^^^^^^^^^
  File "/workspace/frappe-bench/apps/frappe/frappe/__init__.py", line 850, in get_app_path
    return get_pymodule_path(app_name, *joins)
  File "/workspace/frappe-bench/apps/frappe/frappe/__init__.py", line 880, in get_pymodule_path
    return abspath(join(dirname(get_module(scrub(modulename)).__file__ or ""), *joins))
                                ~~~~~~~~~~^^^^^^^^^^^^^^^^^^^
  File "/workspace/frappe-bench/apps/frappe/frappe/__init__.py", line 821, in get_module
    return importlib.import_module(modulename)
           ~~~~~~~~~~~~~~~~~~~~~~~^^^^^^^^^^^^
  File "/home/frappe/.pyenv/versions/3.14.2/lib/python3.14/importlib/__init__.py", line 88, in import_module
    return _bootstrap._gcd_import(name[level:], package, level)
           ~~~~~~~~~~~~~~~~~~~~~~^^^^^^^^^^^^^^^^^^^^^^^^^^^^^^
  File "<frozen importlib._bootstrap>", line 1398, in _gcd_import
  File "<frozen importlib._bootstrap>", line 1371, in _find_and_load
  File "<frozen importlib._bootstrap>", line 1335, in _find_and_load_unlocked
ModuleNotFoundError: No module named 'hrms_saas'
